--------------- finance/axfinder
SQL -> M3      :  0.047
Scala codegen  :  0.489
Scala compile  :  5.229
[GC 3670016K->346940K(14068416K), 0,5583550 secs]
[GC 4016956K->749270K(14068416K), 1,2205660 secs]
[GC 4419286K->663251K(14068416K), 0,7449820 secs]
[GC 4333267K->581473K(14068416K), 0,6177780 secs]
[GC 4251489K->496331K(13815488K), 0,5226510 secs]
[GC 4166347K->417496K(13925632K), 0,3915300 secs]
[GC 3821912K->343441K(13191552K), 0,3087100 secs]
[GC 3747857K->343465K(13823232K), 0,0220630 secs]
[GC 3576489K->343529K(13020032K), 0,0212740 secs]
[GC 3576553K->343593K(13842496K), 0,0192330 secs]
[GC 3560041K->343617K(13840768K), 0,0197970 secs]
[GC 3560065K->703553K(13868416K), 0,5834000 secs]
[GC 3957377K->1050169K(13852224K), 1,1304520 secs]
[GC 4303993K->1051121K(13885248K), 0,6268310 secs]
[GC 4347569K->1051185K(13878016K), 0,0263040 secs]
[GC 4347633K->1051265K(13918016K), 0,0226390 secs]
[GC 4401473K->1051329K(13899008K), 0,0315430 secs]
[GC 4401537K->1051393K(13966976K), 0,0229690 secs]
[GC 4492545K->1051457K(13940992K), 0,0221670 secs]
[GC 4492609K->1051521K(14024896K), 0,0265650 secs]
[GC 4604801K->1051585K(13995200K), 0,0241090 secs]
[GC 4604865K->1051649K(14086464K), 0,0249190 secs]
[GC 4726785K->1401977K(13812416K), 0,5713690 secs]
[GC 5077113K->1749769K(13951552K), 1,1189540 secs]
[GC 5278985K->1750705K(13998016K), 0,6461310 secs]
[GC 5279921K->1750801K(14051968K), 0,0261700 secs]
[GC 5360145K->1750881K(14024192K), 0,0276000 secs]
[GC 5360225K->1750945K(14110080K), 0,0263350 secs]
[GC 5474977K->1751009K(14080768K), 0,0282000 secs]
[GC 5475041K->1751073K(14168704K), 0,0287470 secs]
[GC 5592481K->1751145K(14139520K), 0,0282350 secs]
[GC 5592553K->1751209K(14225664K), 0,0282020 secs]
[GC 5707561K->2018234K(14010368K), 0,4416050 secs]
[GC 5974586K->2455594K(13981248K), 1,1384890 secs]
[GC 6160426K->2456818K(14085824K), 0,7914410 secs]
[GC 6161650K->2456882K(14137408K), 0,0296160 secs]
[GC 6238706K->2456970K(14111232K), 0,0312640 secs]
[GC 6238794K->2457034K(14190848K), 0,0313460 secs]
[GC 6345162K->2457098K(14164096K), 0,0305850 secs]
[GC 6345226K->2457162K(14243520K), 0,0323090 secs]
[GC 6451274K->2457226K(14217408K), 0,0338990 secs]
[GC 6451338K->2457290K(14293888K), 0,0321690 secs]
[GC 6553418K->2914378K(14269056K), 0,7607000 secs]
[GC 7010506K->3127370K(14031232K), 0,7389350 secs]
[GC 6960842K->3128114K(14150144K), 0,4694790 secs]
[GC 6961586K->3128250K(14195776K), 0,0359670 secs]
[GC 7029754K->3128322K(14172544K), 0,0351810 secs]
[GC 7029826K->3128386K(14243264K), 0,0336310 secs]
[GC 7124290K->3128458K(14219456K), 0,0335700 secs]
[GC 7124362K->3128530K(14290112K), 0,0348540 secs]
[GC 7218706K->3128594K(14266880K), 0,0345360 secs]
[GC 7218770K->3339418K(14259520K), 0,3600550 secs]
[GC 7445018K->3840202K(14286208K), 1,1768390 secs]
[GC 7945802K->3841330K(13923456K), 0,6563050 secs]
[GC 7584178K->3841394K(14104832K), 0,0349390 secs]
[GC 7584242K->3841474K(14155456K), 0,0361970 secs]
[GC 7659842K->3841538K(14129728K), 0,0343580 secs]
[GC 7659906K->3841602K(14207616K), 0,0369320 secs]
[GC 7763906K->3841698K(14181504K), 0,0394930 secs]
[GC 7764002K->3841738K(14258880K), 0,0367890 secs]
[GC 7867274K->3841802K(14233472K), 0,0369080 secs]
[GC 7867338K->4295923K(14057984K), 0,7584540 secs]
[GC 8170739K->4519051K(13944960K), 0,7845010 secs]
[GC 8393867K->4519803K(14165632K), 0,4814920 secs]
[GC 8361851K->4519907K(14143232K), 0,0413400 secs]
[GC 8361955K->4519979K(14212608K), 0,0394550 secs]
[GC 8454635K->4520043K(14188864K), 0,0475320 secs]
[GC 8454699K->4520139K(14260352K), 0,0379030 secs]
[GC 8550219K->4520179K(14236544K), 0,0437580 secs]
[GC 8550259K->4520275K(14306752K), 0,0390810 secs]
[GC 8643987K->4692883K(14283776K), 0,3086550 secs]
[GC 8816595K->5237443K(13877632K), 1,1977010 secs]
[GC 8943427K->5239155K(14086400K), 0,6456610 secs]
[GC 8945139K->5239251K(14135040K), 0,0425270 secs]
[GC 9017683K->5239331K(14110208K), 0,0418040 secs]
[GC 9017763K->5239395K(14186496K), 0,0422260 secs]
[GC 9119651K->5239459K(14160576K), 0,0423540 secs]
[GC 9119715K->5239523K(14238016K), 0,0433610 secs]
[GC 9223075K->5239587K(14212352K), 0,0418520 secs]
[GC 9223139K->5239651K(14287808K), 0,0425750 secs]
[GC 9323875K->5625995K(14257536K), 0,6391320 secs]
[GC 9710219K->5922619K(14023936K), 1,1013230 secs]
[GC 9737275K->5923571K(14140736K), 0,6000120 secs]
[GC 9738227K->5923643K(14186624K), 0,0469440 secs]
[GC 9806715K->5923683K(14163264K), 0,0475460 secs]
[GC 9806755K->5923779K(14234560K), 0,0436290 secs]
[GC 9902019K->5923843K(14210496K), 0,0427840 secs]
[GC 9902083K->5923867K(14282048K), 0,0559950 secs]
[GC 9997595K->5923963K(14258496K), 0,0454000 secs]
[GC 9997691K->6052060K(14310272K), 0,2409890 secs]
[GC 10200668K->6601196K(14305152K), 1,1489760 secs]
[GC 10749804K->6645796K(13983104K), 0,6637010 secs]
[GC 10467236K->6646052K(14144128K), 0,1117770 secs]
[GC 10467492K->6646140K(14189376K), 0,0547890 secs]
[GC 10534972K->6646204K(14166272K), 0,0484790 secs]
[GC 10535036K->6646268K(14236800K), 0,0468760 secs]
[GC 10629244K->6646332K(14212992K), 0,0483490 secs]
[GC 10629308K->6646396K(14283904K), 0,0477760 secs]
[GC 10724028K->6646460K(14260544K), 0,0478760 secs]
[GC 7305393K->6646540K(14329088K), 0,0281300 secs]
[Full GC 6646540K->44401K(14329088K), 0,2990180 secs]
[GC 86925K->44401K(14306816K), 0,0008870 secs]
[Full GC 44401K->44385K(14306816K), 0,0750820 secs]
Scala running  :  55.308 [53.446, 57.442] (sec)
--------------- finance/brokerspread
SQL -> M3      :  0.095
Scala codegen  :  0.071
Scala compile  :  0.944
[GC 4213473K->498089K(14105216K), 1,0171150 secs]
[GC 4487081K->681051K(14036160K), 0,7913280 secs]
[GC 4670043K->681819K(14220160K), 0,5188880 secs]
[GC 4635227K->682099K(14200064K), 0,0271280 secs]
[GC 4635507K->682283K(14262336K), 0,0224290 secs]
[GC 4718827K->682444K(14241024K), 0,0222090 secs]
[GC 4718988K->682620K(14305088K), 0,0248280 secs]
[GC 4804668K->682668K(14283776K), 0,0244680 secs]
[GC 4804716K->682772K(14346624K), 0,0214060 secs]
[GC 4888660K->823156K(14326080K), 0,2820730 secs]
[GC 5029044K->1358236K(13940864K), 1,2701280 secs]
[GC 5173660K->1366212K(14141120K), 0,6605260 secs]
[GC 5181636K->1366340K(14187648K), 0,0617200 secs]
[GC 5253252K->1366548K(14166080K), 0,0322960 secs]
[GC 5253460K->1366724K(14232960K), 0,0256090 secs]
[GC 5342980K->1366828K(14210112K), 0,0224580 secs]
[GC 5343084K->1366860K(14278784K), 0,0308750 secs]
[GC 5434764K->1366988K(14255936K), 0,0272730 secs]
[GC 5434892K->1367124K(14323328K), 0,0269810 secs]
[GC 5524948K->1674341K(14251968K), 0,5556360 secs]
[GC 5832165K->2030261K(13895296K), 1,1799530 secs]
[GC 5718325K->2031549K(14077440K), 0,8331880 secs]
[GC 5719613K->2031637K(14125440K), 0,0279470 secs]
[GC 5790997K->2031765K(14100736K), 0,0295860 secs]
[GC 5791125K->2031845K(14176960K), 0,0275040 secs]
[GC 5892965K->2031877K(14150976K), 0,0325760 secs]
[GC 5892997K->2031981K(14228864K), 0,0304190 secs]
[GC 5997037K->2032061K(14203008K), 0,0278100 secs]
[GC 5997117K->2032237K(14279296K), 0,0275000 secs]
[GC 6099053K->2343766K(14165312K), 0,5320550 secs]
[GC 6410582K->2695174K(14044992K), 1,1435790 secs]
[GC 6493318K->2696358K(14132480K), 0,8335510 secs]
[GC 6494502K->2696494K(14179136K), 0,0313590 secs]
[GC 6564206K->2696590K(14155392K), 0,0316300 secs]
[GC 6564302K->2696678K(14227840K), 0,0293330 secs]
[GC 6661158K->2696758K(14203456K), 0,0278670 secs]
[GC 6661238K->2696838K(14276096K), 0,0351920 secs]
[GC 6758278K->2696918K(14252160K), 0,0287580 secs]
[GC 6758358K->2697094K(14322368K), 0,0291210 secs]
[GC 6852166K->3133359K(14299520K), 0,7570560 secs]
[GC 7288431K->3333687K(14052864K), 0,7771370 secs]
[GC 7219255K->3334511K(14176192K), 0,5741280 secs]
[GC 7220079K->3334663K(14219008K), 0,0380930 secs]
[GC 7284039K->3334711K(14197184K), 0,0332560 secs]
[GC 7284087K->3334815K(14263680K), 0,0315720 secs]
[GC 7372895K->3334983K(14241216K), 0,0331890 secs]
[GC 7373063K->3335023K(14308032K), 0,0360730 secs]
[GC 7462255K->3335119K(14286016K), 0,0304930 secs]
[GC 7462351K->3438535K(14340416K), 0,1889170 secs]
[GC 7641671K->3971455K(14329536K), 1,1720450 secs]
[GC 8174591K->3980095K(14043712K), 0,6086040 secs]
[GC 7886527K->3980343K(14186624K), 0,1537320 secs]
[GC 7886775K->3980447K(14226880K), 0,0375550 secs]
[GC 7946783K->3980527K(14206272K), 0,0371870 secs]
[GC 7946863K->3980607K(14269632K), 0,0301770 secs]
[GC 8031551K->3980671K(14248128K), 0,0388250 secs]
[GC 8031615K->3980743K(14312512K), 0,0361150 secs]
[GC 8117639K->3980952K(14291200K), 0,0374490 secs]
[GC 8117848K->4320840K(14179712K), 0,5655660 secs]
[GC 8367176K->4639144K(14224832K), 1,1509820 secs]
[GC 8685480K->4640224K(14167360K), 0,7838340 secs]
[GC 8565600K->4640312K(14196096K), 0,0405430 secs]
[GC 8565688K->4640368K(14238848K), 0,0410260 secs]
[GC 8629552K->4640480K(14217152K), 0,0361130 secs]
[GC 8629664K->4640552K(14282816K), 0,0373920 secs]
[GC 8717352K->4640632K(14260800K), 0,0506900 secs]
[GC 8717432K->4640672K(14325952K), 0,0369760 secs]
[GC 8804384K->4662417K(14304576K), 0,0666720 secs]
[GC 8826129K->5206697K(14024896K), 1,0420560 secs]
[GC 9115305K->5258249K(14187712K), 0,5727530 secs]
[GC 9166857K->5258713K(14230080K), 0,3073790 secs]
[GC 9233881K->5258809K(14211904K), 0,0467000 secs]
[GC 9233977K->5258929K(14269120K), 0,0355240 secs]
[GC 9310513K->5258961K(14249280K), 0,0388800 secs]
[GC 9310545K->5258993K(14309568K), 0,0430740 secs]
[GC 9391089K->5259065K(14289344K), 0,0416100 secs]
[GC 9391161K->5259321K(14349504K), 0,0394030 secs]
[GC 9471673K->5528602K(14268672K), 0,4601390 secs]
[GC 9740954K->5925954K(13919232K), 1,1893600 secs]
[GC 9674946K->5927482K(14107904K), 0,7740930 secs]
[GC 9676474K->5927626K(14152448K), 0,0424800 secs]
[GC 9742730K->5927746K(14129472K), 0,0444680 secs]
[GC 9742850K->5928058K(14200704K), 0,0417640 secs]
[GC 9838266K->5928138K(14176320K), 0,0377900 secs]
[GC 9838346K->5928146K(14249600K), 0,0568540 secs]
[GC 9936146K->5928290K(14225216K), 0,0451810 secs]
[GC 9936290K->5928498K(14297216K), 0,0434870 secs]
[GC 10032562K->6278698K(14241280K), 0,5920160 secs]
[GC 10382762K->6582506K(14058624K), 1,1563610 secs]
[GC 10415594K->6583474K(14149952K), 0,7849530 secs]
[GC 10416562K->6583602K(14194432K), 0,0524300 secs]
[GC 10482930K->6583914K(14171712K), 0,0663790 secs]
[GC 10483242K->6583962K(14241152K), 0,0462950 secs]
[GC 10576026K->6583994K(14217728K), 0,0434390 secs]
[GC 10576058K->6584147K(14287616K), 0,0698990 secs]
[GC 10669459K->6584283K(14264512K), 0,0430440 secs]
[GC 10669595K->6584491K(14332288K), 0,0433180 secs]
[GC 6849535K->6584531K(14310272K), 0,0272370 secs]
[Full GC 6584531K->46770K(14310272K), 0,3010550 secs]
[GC 54445K->46866K(14374080K), 0,0009850 secs]
[Full GC 46866K->45362K(14374080K), 0,0692620 secs]
Scala running  :  57.096 [56.401, 59.650] (sec)
--------------- finance/brokervariance
SQL -> M3      :  0.095
Scala codegen  :  0.053
Scala compile  :  0.529
[GC 4306226K->49474K(14353600K), 0,0052570 secs]
[GC 4310338K->56803K(14414656K), 0,0207140 secs]
[GC 4399075K->50291K(14394432K), 0,0034410 secs]
[GC 4392563K->50331K(14449408K), 0,0032970 secs]
[GC 4465435K->50211K(14432512K), 0,0033120 secs]
[GC 4465315K->50219K(14480320K), 0,0031470 secs]
[GC 4529067K->50395K(14465344K), 0,0033560 secs]
[GC 4529243K->50251K(14507776K), 0,0032010 secs]
[GC 4585739K->50323K(14494528K), 0,0031090 secs]
[GC 2277271K->48779K(14531392K), 0,0016320 secs]
[Full GC 48779K->47685K(14531392K), 0,1989860 secs]
[GC 51536K->47749K(14520256K), 0,0012000 secs]
[Full GC 47749K->46246K(14520256K), 0,0719610 secs]
Scala running  :  5.956 [5.578, 11.104] (sec)
--------------- finance/pricespread
SQL -> M3      :  0.070
Scala codegen  :  0.146
Scala compile  :  1.261
[GC 4631078K->655478K(14126528K), 1,3428840 secs]
[GC 4857078K->786904K(14334208K), 0,5364230 secs]
[GC 4988504K->787344K(14347456K), 0,2844610 secs]
[GC 5002832K->787408K(14334848K), 0,0075440 secs]
[GC 5002896K->787464K(14375168K), 0,0071270 secs]
[GC 5056840K->787528K(14361024K), 0,0077800 secs]
[GC 5056904K->787592K(14404352K), 0,0073800 secs]
[GC 5114824K->787656K(14389696K), 0,0077340 secs]
[GC 5114888K->787672K(14433472K), 0,0076690 secs]
[GC 5173336K->787768K(14419008K), 0,0075530 secs]
[GC 5173432K->787832K(14461440K), 0,0078140 secs]
[GC 5230072K->787888K(14447616K), 0,0076440 secs]
[GC 5230128K->787912K(14487680K), 0,0075620 secs]
[GC 5283592K->787920K(14474816K), 0,0077980 secs]
[GC 5283600K->787968K(14511808K), 0,0075320 secs]
[GC 5332992K->788048K(14500032K), 0,0142060 secs]
[GC 5333072K->788096K(14533696K), 0,0141400 secs]
[GC 5377984K->788152K(14523008K), 0,0077980 secs]
[GC 5378040K->788208K(14553344K), 0,0080360 secs]
[GC 5418544K->788256K(14543808K), 0,0075950 secs]
[GC 5418592K->788304K(14570816K), 0,0140080 secs]
[GC 5454672K->788280K(14562368K), 0,0076010 secs]
[GC 5454648K->788352K(14586176K), 0,0076120 secs]
[GC 5486464K->788472K(14578752K), 0,0134410 secs]
[GC 5486584K->788416K(14599680K), 0,0076810 secs]
[GC 5514432K->788496K(14593152K), 0,0077770 secs]
[GC 5514512K->788544K(14611392K), 0,0078330 secs]
[GC 5538880K->788552K(14605760K), 0,0081910 secs]
[GC 5538888K->788632K(14621568K), 0,0077010 secs]
[GC 5560024K->788680K(14616640K), 0,0078970 secs]
[GC 5560072K->788760K(14630336K), 0,0113800 secs]
[GC 5578392K->788776K(14626112K), 0,0078160 secs]
[GC 5578408K->788784K(14637888K), 0,0079140 secs]
[GC 5594096K->788856K(14634240K), 0,0077300 secs]
[GC 5594168K->788896K(14644352K), 0,0102760 secs]
[GC 5607648K->788928K(14641216K), 0,0188250 secs]
[GC 5607680K->788976K(14649856K), 0,0079600 secs]
[GC 5619248K->789088K(14647232K), 0,0077710 secs]
[GC 5619360K->789152K(14654592K), 0,0080020 secs]
[GC 5629280K->789136K(14652352K), 0,0113760 secs]
[GC 5629264K->789256K(14658624K), 0,0079190 secs]
[GC 5637704K->789272K(14656640K), 0,0079710 secs]
[GC 5637720K->789328K(14662016K), 0,0081780 secs]
[GC 5644880K->789416K(14660352K), 0,0094240 secs]
[GC 5644968K->1264880K(14315456K), 1,0507160 secs]
[GC 5777008K->1530888K(14489472K), 0,6435220 secs]
[GC 6043016K->1531528K(14358528K), 0,3719790 secs]
[GC 5912712K->1531568K(14424000K), 0,0097800 secs]
[GC 5912752K->1531584K(14441152K), 0,0100390 secs]
[GC 5938048K->1531664K(14432128K), 0,0099040 secs]
[GC 5938128K->1531672K(14461056K), 0,0116050 secs]
[GC 5976792K->1531744K(14450880K), 0,0100900 secs]
[GC 5976864K->1531792K(14482048K), 0,0103240 secs]
[GC 6018512K->1531832K(14471488K), 0,0101010 secs]
[GC 6018552K->1531880K(14502912K), 0,0099790 secs]
[GC 6060520K->1531896K(14492544K), 0,0099120 secs]
[GC 6060536K->1531944K(14523008K), 0,0103200 secs]
[GC 6101224K->1532000K(14513088K), 0,0100620 secs]
[GC 6101280K->1532088K(14541824K), 0,0100010 secs]
[GC 6139704K->1532144K(14532608K), 0,0102260 secs]
[GC 6139760K->1532200K(14559168K), 0,0100500 secs]
[GC 6175272K->1532240K(14550720K), 0,0103180 secs]
[GC 6175312K->1532296K(14574912K), 0,0101010 secs]
[GC 6207624K->1532264K(14567232K), 0,0126180 secs]
[GC 6207592K->1532344K(14588992K), 0,0100260 secs]
[GC 6236664K->1532424K(14582144K), 0,0119270 secs]
[GC 6236744K->1532480K(14601536K), 0,0103750 secs]
[GC 6262656K->1532528K(14595456K), 0,0100330 secs]
[GC 6262704K->1532576K(14612608K), 0,0179570 secs]
[GC 6285664K->1532576K(14607296K), 0,0103100 secs]
[GC 6285664K->1532640K(14622272K), 0,0101260 secs]
[GC 6305696K->1532688K(14617600K), 0,0099970 secs]
[GC 6305744K->1532696K(14630720K), 0,0102530 secs]
[GC 6323224K->1532784K(14626624K), 0,0113520 secs]
[GC 6323312K->1532832K(14638016K), 0,0194770 secs]
[GC 6338528K->1532880K(14634496K), 0,0102820 secs]
[GC 6338576K->1532856K(14644288K), 0,0102360 secs]
[GC 6351608K->1532936K(14641280K), 0,0107720 secs]
[GC 6351688K->1533064K(14649728K), 0,0129820 secs]
[GC 6363080K->1533088K(14647104K), 0,0105810 secs]
[GC 6363104K->1533176K(14654400K), 0,0104290 secs]
[GC 6372920K->1533224K(14652160K), 0,0104760 secs]
[GC 6372968K->1533208K(14658368K), 0,0108590 secs]
[GC 6381208K->1533256K(14656448K), 0,0136300 secs]
[GC 6381256K->1533304K(14661696K), 0,0105260 secs]
[GC 6388280K->1533352K(14660096K), 0,0106270 secs]
[GC 6388328K->1533432K(14664576K), 0,0107800 secs]
[GC 6394360K->1562728K(14663168K), 0,0631540 secs]
[GC 6423656K->2281292K(14111744K), 1,5554190 secs]
[GC 6589388K->2286853K(14387456K), 0,0457290 secs]
[GC 6594949K->2286981K(14406400K), 0,0221270 secs]
[GC 6623429K->2286997K(14396864K), 0,0216450 secs]
[GC 6623445K->2287085K(14427840K), 0,0130080 secs]
[GC 6664877K->2287165K(14416768K), 0,0194310 secs]
[GC 6664957K->2287165K(14451072K), 0,0115760 secs]
[GC 6710781K->2287221K(14439360K), 0,0117680 secs]
[GC 6710837K->2287277K(14474560K), 0,0119110 secs]
[GC 6757869K->2287293K(14462848K), 0,0117110 secs]
[GC 6757885K->2287381K(14497344K), 0,0118200 secs]
[GC 6803989K->2287437K(14486080K), 0,0137090 secs]
[GC 6804045K->2287453K(14518912K), 0,0120190 secs]
[GC 6847837K->2287541K(14508288K), 0,0121140 secs]
[GC 6847925K->2287605K(14538816K), 0,0189480 secs]
[GC 6888693K->2287621K(14529088K), 0,0120800 secs]
[GC 6888709K->2287709K(14556992K), 0,0169340 secs]
[GC 6926045K->2287765K(14548160K), 0,0140190 secs]
[GC 6926101K->2287861K(14573376K), 0,0123210 secs]
[GC 6959861K->2287877K(14565440K), 0,0123070 secs]
[GC 6959877K->2287973K(14587968K), 0,0183040 secs]
[GC 6989989K->2287997K(14580864K), 0,0123960 secs]
[GC 6990013K->2288053K(14600832K), 0,0124630 secs]
[GC 7016693K->2288069K(14594624K), 0,0126280 secs]
[GC 7016709K->2288109K(14612160K), 0,0125490 secs]
[GC 7040109K->2288189K(14606656K), 0,0128170 secs]
[GC 7040189K->2288285K(14622016K), 0,0126570 secs]
[GC 7060701K->2288341K(14617216K), 0,0164230 secs]
[GC 7060757K->2288309K(14630528K), 0,0233310 secs]
[GC 7078453K->2288389K(14626432K), 0,0129800 secs]
[GC 7078533K->2288477K(14637952K), 0,0148650 secs]
[GC 7093981K->2288485K(14634368K), 0,0129680 secs]
[GC 7093989K->2288533K(14644288K), 0,0132270 secs]
[GC 7107221K->2288653K(14641216K), 0,0140730 secs]
[GC 7107341K->2288637K(14649728K), 0,0141340 secs]
[GC 7118653K->2288717K(14647104K), 0,0130180 secs]
[GC 7118733K->2288733K(14654400K), 0,0192520 secs]
[GC 7128477K->2288821K(14652160K), 0,0131650 secs]
[GC 7128565K->2288917K(14658432K), 0,0131740 secs]
[GC 7137045K->2288941K(14656512K), 0,0133820 secs]
[GC 7137069K->2288989K(14661760K), 0,0216250 secs]
[GC 7144093K->2289085K(14660160K), 0,0133110 secs]
[GC 7144189K->2289109K(14664640K), 0,0135680 secs]
[GC 7150229K->2489037K(14663296K), 0,4251920 secs]
[GC 7350157K->3036597K(14133888K), 1,2451180 secs]
[GC 7366965K->3036829K(14398592K), 0,0475100 secs]
[GC 7367197K->3036869K(14415552K), 0,0144590 secs]
[GC 7392069K->3036917K(14406464K), 0,0158210 secs]
[GC 7392117K->3036957K(14436224K), 0,0197490 secs]
[GC 7431965K->3037005K(14425600K), 0,0258610 secs]
[GC 7432013K->3037085K(14458624K), 0,0145420 secs]
[GC 7476189K->3037053K(14447296K), 0,0146550 secs]
[GC 7476157K->3037141K(14481216K), 0,0145800 secs]
[GC 7521493K->3037229K(14469952K), 0,0246040 secs]
[GC 7521581K->3037317K(14503296K), 0,0152490 secs]
[GC 7566149K->3037293K(14492352K), 0,0147420 secs]
[GC 7566125K->3037325K(14524096K), 0,0165430 secs]
[GC 7608461K->3037413K(14513856K), 0,0146920 secs]
[GC 7608549K->3037389K(14543424K), 0,0145990 secs]
[GC 7647949K->3037469K(14533952K), 0,0148570 secs]
[GC 7648029K->3037557K(14560960K), 0,0234380 secs]
[GC 7684085K->3037605K(14552384K), 0,0150400 secs]
[GC 7684133K->3037661K(14576832K), 0,0149190 secs]
[GC 7716765K->3037685K(14569088K), 0,0154330 secs]
[GC 7716789K->3037805K(14590912K), 0,0184800 secs]
[GC 7745965K->3037821K(14584064K), 0,0152120 secs]
[GC 7745981K->3037877K(14603392K), 0,0177390 secs]
[GC 7771829K->3037901K(14597376K), 0,0171880 secs]
[GC 7771853K->3037957K(14614336K), 0,0153880 secs]
[GC 7794501K->3038013K(14609024K), 0,0153140 secs]
[GC 7794557K->3038101K(14623872K), 0,0154330 secs]
[GC 7814421K->3038117K(14619264K), 0,0155560 secs]
[GC 7814437K->3038165K(14632128K), 0,0155950 secs]
[GC 7831637K->3038237K(14628160K), 0,0163600 secs]
[GC 7831709K->3038325K(14639296K), 0,0163320 secs]
[GC 7846645K->3038381K(14635840K), 0,0157160 secs]
[GC 7846701K->3038445K(14645440K), 0,0169640 secs]
[GC 7859565K->3038453K(14642496K), 0,0157020 secs]
[GC 7859573K->3038525K(14650752K), 0,0189430 secs]
[GC 7870653K->3038541K(14648192K), 0,0186200 secs]
[GC 7870669K->3038597K(14655232K), 0,0159090 secs]
[GC 7880069K->3038637K(14653056K), 0,0165780 secs]
[GC 7880109K->3038725K(14659072K), 0,0160720 secs]
[GC 7888197K->3038749K(14657216K), 0,0159060 secs]
[GC 7888221K->3038805K(14662336K), 0,0202800 secs]
[GC 7895125K->3038853K(14660800K), 0,0159050 secs]
[GC 7895173K->3038941K(14665152K), 0,0164270 secs]
[GC 7901085K->3426005K(14663808K), 0,8432340 secs]
[GC 8288149K->3781717K(14161920K), 0,8930010 secs]
[GC 8140629K->3781981K(14412864K), 0,0603980 secs]
[GC 8140893K->3781957K(14428288K), 0,0180630 secs]
[GC 8163397K->3782045K(14419968K), 0,0181830 secs]
[GC 8163485K->3782053K(14447488K), 0,0175910 secs]
[GC 8200293K->3782173K(14437568K), 0,0178100 secs]
[GC 8200413K->3782229K(14468480K), 0,0176190 secs]
[GC 8241749K->3782245K(14457856K), 0,0178110 secs]
[GC 8241765K->3782333K(14489856K), 0,0208410 secs]
[GC 8284541K->3782381K(14479168K), 0,0212610 secs]
[GC 8284589K->3782397K(14510784K), 0,0178870 secs]
[GC 8326781K->3782477K(14500416K), 0,0229430 secs]
[GC 8326861K->3782533K(14530624K), 0,0210800 secs]
[GC 8367173K->3782629K(14520832K), 0,0178160 secs]
[GC 8367269K->3782613K(14548992K), 0,0177770 secs]
[GC 8404757K->3782661K(14539968K), 0,0209360 secs]
[GC 8404805K->3782773K(14565760K), 0,0177570 secs]
[GC 8439285K->3782829K(14557568K), 0,0179930 secs]
[GC 8439341K->3782845K(14580928K), 0,0177910 secs]
[GC 8470525K->3782885K(14573568K), 0,0177500 secs]
[GC 8470565K->3782933K(14594432K), 0,0211110 secs]
[GC 8498389K->3782981K(14587840K), 0,0180690 secs]
[GC 8498437K->3782997K(14606336K), 0,0214710 secs]
[GC 8523093K->3783085K(14600576K), 0,0243510 secs]
[GC 8523181K->3783125K(14616832K), 0,0299070 secs]
[GC 8544917K->3783101K(14611776K), 0,0180830 secs]
[GC 8544893K->3783181K(14625984K), 0,0297900 secs]
[GC 8563917K->3783221K(14621568K), 0,0200300 secs]
[GC 8563957K->3783341K(14633920K), 0,0193620 secs]
[GC 8580525K->3783357K(14630080K), 0,0196100 secs]
[GC 8580541K->3783405K(14640768K), 0,0181940 secs]
[GC 8594861K->3783437K(14637504K), 0,0264130 secs]
[GC 8594893K->3783485K(14646720K), 0,0181520 secs]
[GC 8607229K->3783541K(14643840K), 0,0187820 secs]
[GC 8607285K->3783597K(14651776K), 0,0198160 secs]
[GC 8617901K->3783645K(14649344K), 0,0209320 secs]
[GC 8617949K->3783669K(14656128K), 0,0191920 secs]
[GC 8627061K->3783789K(14654080K), 0,0190660 secs]
[GC 8627181K->3783813K(14659840K), 0,0185240 secs]
[GC 8634885K->3783869K(14658048K), 0,0299830 secs]
[GC 8634941K->3783925K(14662976K), 0,0203720 secs]
[GC 8641589K->3783981K(14661504K), 0,0188280 secs]
[GC 8641645K->3784061K(14665664K), 0,0187830 secs]
[GC 8647293K->4376617K(14664384K), 1,2758920 secs]
[GC 9239849K->4525505K(14189888K), 0,5012580 secs]
[GC 8912961K->4525729K(14427136K), 0,0499720 secs]
[GC 8913185K->4525761K(14440960K), 0,0228560 secs]
[GC 8933313K->4525761K(14433408K), 0,0275790 secs]
[GC 8933313K->4525881K(14458624K), 0,0279830 secs]
[GC 8967097K->4525897K(14449408K), 0,0218410 secs]
[GC 8967113K->4525945K(14478208K), 0,0209250 secs]
[GC 9005625K->4526025K(14468288K), 0,0209120 secs]
[GC 9005705K->4526065K(14498368K), 0,0211540 secs]
[GC 9045937K->4526089K(14488320K), 0,0217150 secs]
[GC 9045961K->4526161K(14518144K), 0,0299300 secs]
[GC 9085841K->4526217K(14508352K), 0,0229840 secs]
[GC 9085897K->4526273K(14536960K), 0,0218810 secs]
[GC 9124097K->4526289K(14527680K), 0,0208430 secs]
[GC 9124113K->4526369K(14554432K), 0,0212910 secs]
[GC 9159841K->4526417K(14545856K), 0,0237140 secs]
[GC 9159889K->4526465K(14570432K), 0,0209010 secs]
[GC 9192705K->4526481K(14562624K), 0,0266400 secs]
[GC 9192721K->4526561K(14584896K), 0,0209270 secs]
[GC 9222497K->4526585K(14577856K), 0,0214080 secs]
[GC 9222521K->4526633K(14597760K), 0,0209100 secs]
[GC 9249065K->4526753K(14591488K), 0,0211200 secs]
[GC 9249185K->4526777K(14609216K), 0,0208470 secs]
[GC 9272889K->4526793K(14603712K), 0,0265330 secs]
[GC 9272905K->4526881K(14619264K), 0,0220360 secs]
[GC 9293729K->4526929K(14614400K), 0,0213720 secs]
[GC 9293777K->4526953K(14628032K), 0,0234930 secs]
[GC 9311977K->4526961K(14623808K), 0,0210760 secs]
[GC 9311985K->4527041K(14635648K), 0,0230670 secs]
[GC 9327873K->4527057K(14632000K), 0,0342570 secs]
[GC 9327889K->4527161K(14642240K), 0,0266670 secs]
[GC 9341689K->4527217K(14639104K), 0,0254820 secs]
[GC 9341745K->4527265K(14647936K), 0,0209770 secs]
[GC 9353569K->4527313K(14645184K), 0,0229320 secs]
[GC 9353617K->4527329K(14652864K), 0,0322110 secs]
[GC 9363873K->4527401K(14650496K), 0,0228860 secs]
[GC 9363945K->4527433K(14657024K), 0,0312280 secs]
[GC 9372681K->4527449K(14655040K), 0,0221310 secs]
[GC 9372697K->4527521K(14660608K), 0,0290310 secs]
[GC 9380193K->4527577K(14658880K), 0,0278700 secs]
[GC 9380249K->4527593K(14663616K), 0,0335100 secs]
[GC 9386537K->4527665K(14662144K), 0,0243310 secs]
[GC 9386609K->4725266K(14522240K), 0,4399200 secs]
[GC 9445650K->5275522K(14593600K), 1,2463200 secs]
[GC 9995906K->5275954K(14219456K), 0,1893490 secs]
[GC 9622194K->5276002K(14406528K), 0,0304900 secs]
[GC 9622242K->5275978K(14425600K), 0,0227360 secs]
[GC 9650378K->5276058K(14415616K), 0,0255890 secs]
[GC 9650458K->5276146K(14447296K), 0,0250520 secs]
[GC 9692914K->5276154K(14436288K), 0,0241260 secs]
[GC 9692922K->5276266K(14469952K), 0,0226300 secs]
[GC 9738026K->5276250K(14458624K), 0,0230260 secs]
[GC 9738010K->5276298K(14492416K), 0,0354310 secs]
[GC 9783178K->5276378K(14481280K), 0,0282350 secs]
[GC 9783258K->5276426K(14513856K), 0,0226750 secs]
[GC 9826762K->5276402K(14503296K), 0,0295230 secs]
[GC 9826738K->5276442K(14533952K), 0,0226720 secs]
[GC 9867674K->5276522K(14524096K), 0,0258180 secs]
[GC 9867754K->5276570K(14552384K), 0,0232090 secs]
[GC 9905498K->5276658K(14543360K), 0,0228520 secs]
[GC 9905586K->5276714K(14569088K), 0,0230660 secs]
[GC 9939946K->5276682K(14560960K), 0,0308650 secs]
[GC 9939914K->5276754K(14584064K), 0,0360590 secs]
[GC 9970770K->5276842K(14576768K), 0,0333880 secs]
[GC 9970858K->5276898K(14597312K), 0,0232420 secs]
[GC 9998306K->5276906K(14590912K), 0,0294880 secs]
[GC 9998314K->5277034K(14609024K), 0,0232830 secs]
[GC 10022570K->5277058K(14603328K), 0,0231980 secs]
[GC 10022594K->5277154K(14619264K), 0,0309440 secs]
[GC 10043874K->5277130K(14614272K), 0,0377580 secs]
[GC 10043850K->5277218K(14628160K), 0,0239390 secs]
[GC 10062434K->5277210K(14623872K), 0,0262330 secs]
[GC 10062426K->5277298K(14635840K), 0,0236620 secs]
[GC 10078450K->5277386K(14632128K), 0,0236810 secs]
[GC 10078538K->5277370K(14642496K), 0,0256910 secs]
[GC 10092346K->5277378K(14639296K), 0,0236820 secs]
[GC 10092354K->5277498K(14648192K), 0,0270620 secs]
[GC 10104314K->5277514K(14645440K), 0,0240830 secs]
[GC 10104330K->5277562K(14653056K), 0,0240310 secs]
[GC 10114490K->5277602K(14650688K), 0,0293130 secs]
[GC 10114530K->5277642K(14657216K), 0,0316520 secs]
[GC 10123274K->5277650K(14655232K), 0,0238060 secs]
[GC 10123282K->5277762K(14660800K), 0,0274690 secs]
[GC 10130818K->5277786K(14659072K), 0,0260080 secs]
[GC 10130842K->5277754K(14663808K), 0,0243480 secs]
[GC 10137082K->5277866K(14662336K), 0,0265730 secs]
[GC 10137194K->5726174K(14336896K), 0,9630730 secs]
[GC 10261342K->6020038K(14500992K), 0,7019120 secs]
[GC 10555206K->6020566K(14346624K), 0,3672240 secs]
[GC 10401366K->6020630K(14423808K), 0,0277830 secs]
[GC 10401430K->6020710K(14441024K), 0,0257710 secs]
[GC 10426854K->6020782K(14431936K), 0,0258130 secs]
[GC 10426926K->6020790K(14460928K), 0,0259160 secs]
[GC 10465654K->6020838K(14450752K), 0,0257910 secs]
[GC 10465702K->6020846K(14481856K), 0,0259550 secs]
[GC 10507246K->6020918K(14471360K), 0,0261920 secs]
[GC 10507318K->6021006K(14502784K), 0,0263580 secs]
[GC 10549326K->6021022K(14492352K), 0,0258640 secs]
[GC 10549342K->6021078K(14522880K), 0,0390190 secs]
[GC 10590102K->6021134K(14512960K), 0,0380140 secs]
[GC 10590158K->6021174K(14541696K), 0,0277680 secs]
[GC 10628534K->6021214K(14532480K), 0,0259420 secs]
[GC 10628574K->6021262K(14559104K), 0,0288920 secs]
[GC 10664142K->6021326K(14550592K), 0,0293490 secs]
[GC 10664206K->6021374K(14574848K), 0,0299770 secs]
[GC 10696574K->6021430K(14567168K), 0,0394660 secs]
[GC 10696630K->6021486K(14588928K), 0,0260240 secs]
[GC 10725678K->6021566K(14582080K), 0,0258510 secs]
[GC 10725758K->6021558K(14601536K), 0,0390780 secs]
[GC 10751734K->6021646K(14595456K), 0,0283690 secs]
[GC 10751822K->6021694K(14612544K), 0,0309720 secs]
[GC 10774654K->6021710K(14607232K), 0,0299600 secs]
[GC 10774670K->6021750K(14622272K), 0,0262090 secs]
[GC 10794742K->6021870K(14617536K), 0,0259470 secs]
[GC 10794862K->6021846K(14630656K), 0,0381440 secs]
[GC 10812310K->6021918K(14626624K), 0,0263200 secs]
[GC 10812382K->6021998K(14638016K), 0,0261730 secs]
[GC 10827630K->6022014K(14634432K), 0,0262260 secs]
[GC 10827646K->6022006K(14644288K), 0,0297850 secs]
[GC 10840758K->6022118K(14641280K), 0,0263400 secs]
[GC 10840870K->6022134K(14649728K), 0,0275720 secs]
[GC 10852150K->6022182K(14647104K), 0,0308280 secs]
[GC 10852198K->6022254K(14654336K), 0,0287200 secs]
[GC 10861870K->6022262K(14652096K), 0,0392130 secs]
[GC 10861878K->6022342K(14658304K), 0,0436900 secs]
[GC 10870214K->6022382K(14656384K), 0,0265120 secs]
[GC 10870254K->6022398K(14661696K), 0,0305780 secs]
[GC 10877374K->6022518K(14660096K), 0,0297390 secs]
[GC 10877494K->6022502K(14664576K), 0,0274250 secs]
[GC 10883430K->6022574K(14663168K), 0,0300870 secs]
[GC 10883502K->6701962K(14166272K), 1,4726850 secs]
[GC 11067274K->6763138K(14416064K), 0,3137790 secs]
[GC 11128450K->6763442K(14439488K), 0,1465050 secs]
[GC 11169650K->6763490K(14433536K), 0,0291860 secs]
[GC 11169698K->6763506K(14454848K), 0,0293000 secs]
[GC 11198194K->6763594K(14446656K), 0,0291200 secs]
[GC 11198282K->6763650K(14473024K), 0,0323110 secs]
[GC 11233538K->6763658K(14463680K), 0,0290620 secs]
[GC 11233546K->6763746K(14492480K), 0,0326770 secs]
[GC 11272098K->6763762K(14482688K), 0,0356290 secs]
[GC 11272114K->6763810K(14511936K), 0,0291420 secs]
[GC 11311138K->6763898K(14502208K), 0,0417450 secs]
[GC 11311226K->6763914K(14530816K), 0,0315730 secs]
[GC 11349386K->6764002K(14521472K), 0,0411090 secs]
[GC 11349474K->6764026K(14548544K), 0,0385900 secs]
[GC 11385594K->6764066K(14539840K), 0,0395660 secs]
[GC 11385634K->6764082K(14564928K), 0,0296680 secs]
[GC 11419122K->6764202K(14556928K), 0,0309860 secs]
[GC 11419242K->6764258K(14579840K), 0,0308790 secs]
[GC 11449826K->6764346K(14572544K), 0,0293940 secs]
[GC 11449914K->6764370K(14593216K), 0,0378420 secs]
[GC 11477458K->6764386K(14586688K), 0,0348720 secs]
[GC 11477474K->6764458K(14605120K), 0,0351510 secs]
[GC 11502122K->6764498K(14599360K), 0,0292310 secs]
[GC 11502162K->6764554K(14615616K), 0,0335210 secs]
[GC 11523914K->6764602K(14610560K), 0,0327000 secs]
[GC 11523962K->6764538K(14624832K), 0,0326980 secs]
[GC 11542970K->6764682K(14620416K), 0,0399230 secs]
[GC 11543114K->6764698K(14632896K), 0,0292660 secs]
[GC 11559770K->6764770K(14628992K), 0,0293300 secs]
[GC 11559842K->6764778K(14639808K), 0,0423150 secs]
[GC 11574250K->6764866K(14636480K), 0,0327690 secs]
[GC 11574338K->6764882K(14645824K), 0,0317380 secs]
[GC 11586834K->6764890K(14642944K), 0,0327970 secs]
[GC 11586842K->6765010K(14651008K), 0,0332580 secs]
[GC 11597714K->6765066K(14648512K), 0,0292560 secs]
[GC 11597770K->6765114K(14655424K), 0,0307540 secs]
[GC 11607034K->6765154K(14653312K), 0,0326480 secs]
[GC 11607074K->6765210K(14659264K), 0,0328900 secs]
[GC 11615066K->6765266K(14657408K), 0,0398050 secs]
[GC 11615122K->6765314K(14662464K), 0,0326510 secs]
[GC 11621890K->6765370K(14660928K), 0,0393700 secs]
[GC 11621946K->6765418K(14665216K), 0,0309130 secs]
[GC 11627754K->6980938K(14663936K), 0,4288940 secs]
[GC 11843274K->7512394K(14136960K), 1,7607520 secs]
[GC 11846474K->7512618K(14400448K), 0,0624590 secs]
[GC 11846698K->7512626K(14417216K), 0,0305000 secs]
[GC 11871218K->7512746K(14408192K), 0,0308430 secs]
[GC 11871338K->7512722K(14437632K), 0,0345740 secs]
[GC 11910674K->7512802K(14427136K), 0,0305860 secs]
[GC 11910754K->7512890K(14459840K), 0,0344530 secs]
[GC 11954554K->7512866K(14448640K), 0,0307800 secs]
[GC 11954530K->7512946K(14482304K), 0,0345870 secs]
[GC 11999538K->7512986K(14471104K), 0,0306230 secs]
[GC 11999578K->7513082K(14504192K), 0,0322970 secs]
[GC 12043834K->7513090K(14493376K), 0,0321360 secs]
[GC 12043842K->7513186K(14524928K), 0,0435510 secs]
[GC 12086050K->7513202K(14514752K), 0,0305880 secs]
[GC 12086066K->7513250K(14544128K), 0,0308710 secs]
[GC 12125282K->7513330K(14534720K), 0,0505350 secs]
[GC 12125362K->7513306K(14561600K), 0,0377900 secs]
[GC 12161178K->7513386K(14553088K), 0,0328880 secs]
[GC 12161258K->7513394K(14577280K), 0,0355190 secs]
[GC 12193522K->7513506K(14569664K), 0,0339560 secs]
[GC 12193634K->7513450K(14591360K), 0,0348670 secs]
[GC 12222506K->7513530K(14584512K), 0,0310660 secs]
[GC 12222586K->7513570K(14603712K), 0,0331450 secs]
[GC 12248162K->7513650K(14597696K), 0,0313750 secs]
[GC 12248242K->7513674K(14614592K), 0,0312930 secs]
[GC 12270794K->7513762K(14609344K), 0,0355310 secs]
[GC 12270882K->7513826K(14624128K), 0,0486010 secs]
[GC 12290658K->7513930K(14619520K), 0,0360530 secs]
[GC 12290762K->7513898K(14632320K), 0,0602130 secs]
[GC 12307754K->7513970K(14628352K), 0,0453420 secs]
[GC 12307826K->7514098K(14639488K), 0,0360710 secs]
[GC 12322802K->7514162K(14636032K), 0,0354460 secs]
[GC 12322866K->7514170K(14645632K), 0,0448660 secs]
[GC 12335610K->7514234K(14642624K), 0,0353570 secs]
[GC 12335674K->7514250K(14650880K), 0,0372130 secs]
[GC 12346634K->7514258K(14648320K), 0,0327750 secs]
[GC 12346642K->7514298K(14655296K), 0,0319550 secs]
[GC 12355962K->7514418K(14653184K), 0,0343420 secs]
[GC 12356082K->7514434K(14659136K), 0,0415480 secs]
[GC 12364098K->7514522K(14657344K), 0,0318770 secs]
[GC 12364186K->7514506K(14662400K), 0,0344030 secs]
[GC 12370954K->7514658K(14660864K), 0,0379440 secs]
[GC 12371106K->7514674K(14665216K), 0,0321310 secs]
[GC 9330592K->7514738K(14663872K), 0,0345700 secs]
[Full GC 7514738K->47002K(14663872K), 0,6315130 secs]
[GC 299798K->47130K(14667520K), 0,0007900 secs]
[Full GC 47130K->46534K(14667520K), 0,0733680 secs]
Scala running  :  318.655 [317.692, 322.732] (sec)
