--------------- tpch1
SQL -> M3      :  0.418
Scala codegen  :  0.563
Scala compile  :  5.478
[GC 3670016K->50867K(14068416K), 0,0387890 secs]
[GC 3720883K->46119K(14068416K), 0,0283180 secs]
[GC 3716135K->46072K(14068416K), 0,0199220 secs]
[GC 3716088K->46304K(14068416K), 0,0201660 secs]
[GC 3716320K->46182K(14068416K), 0,0203630 secs]
[GC 3716198K->46159K(14629696K), 0,0289760 secs]
[GC 4838415K->46458K(14579712K), 0,0292610 secs]
[GC 4838714K->46426K(14609024K), 0,0007700 secs]
[GC 4808538K->46522K(14549568K), 0,0007370 secs]
[GC 4808634K->46538K(14608128K), 0,0007100 secs]
[GC 4799178K->46538K(14540096K), 0,0007540 secs]
[GC 4799178K->46554K(14609216K), 0,0006840 secs]
[GC 4798042K->46922K(14609088K), 0,0008260 secs]
[GC 4798410K->47018K(14611456K), 0,0008670 secs]
[GC 4801770K->47098K(14610112K), 0,0007510 secs]
[GC 4801850K->47410K(14615424K), 0,0007790 secs]
[GC 4809266K->47514K(14613248K), 0,0007100 secs]
[GC 4809370K->47938K(14620352K), 0,0009260 secs]
[GC 4819202K->47954K(14617728K), 0,0008990 secs]
[GC 4819218K->48386K(14625664K), 0,0008110 secs]
[GC 4830146K->48490K(14622912K), 0,0007430 secs]
[GC 4830250K->48979K(14631168K), 0,0008410 secs]
[GC 4841747K->49035K(14628416K), 0,0007510 secs]
[GC 4841803K->49058K(14636416K), 0,0007530 secs]
[GC 301043K->49082K(14633792K), 0,0008570 secs]
[Full GC 49082K->45740K(14633792K), 0,2132110 secs]
[GC 106639K->45836K(14641408K), 0,0012770 secs]
[Full GC 45836K->45160K(14641408K), 0,0797690 secs]
Scala running  :  10.625 [10.592, 12.661] (sec)
--------------- tpch10
SQL -> M3      :  0.214
Scala codegen  :  0.187
Scala compile  :  2.345
[GC 4858728K->53137K(14638976K), 0,0088150 secs]
[GC 4866705K->56060K(14646656K), 0,0118170 secs]
[GC 4879740K->72612K(14643840K), 0,0158990 secs]
[GC 4896292K->74924K(14647424K), 0,0137460 secs]
[GC 4900652K->91949K(14645120K), 0,0132580 secs]
[GC 4917677K->94317K(14648128K), 0,0139930 secs]
[GC 4921709K->111229K(14646080K), 0,0139610 secs]
[GC 4938621K->113661K(14648576K), 0,0143930 secs]
[GC 4942205K->130558K(14646784K), 0,0136410 secs]
[GC 4959102K->132862K(14648832K), 0,0146850 secs]
[GC 4962174K->149894K(14647296K), 0,0135730 secs]
[GC 4979206K->152238K(14649024K), 0,0148180 secs]
[GC 4982062K->168671K(14647616K), 0,0127730 secs]
[GC 4998495K->171623K(14649280K), 0,0146690 secs]
[GC 5002087K->186831K(14648000K), 0,0121900 secs]
[GC 5017295K->190879K(14649920K), 0,0151790 secs]
[GC 5022687K->193583K(14648704K), 0,0060780 secs]
[GC 5025391K->210175K(14648832K), 0,0200170 secs]
[GC 5043327K->212991K(14649984K), 0,0139660 secs]
[GC 5046143K->229408K(14649152K), 0,0134370 secs]
[GC 5062944K->231856K(14650176K), 0,0140580 secs]
[GC 1970502K->245613K(14651392K), 0,0114100 secs]
[Full GC 245613K->48089K(14651392K), 0,1723960 secs]
[GC 48089K->48089K(14651136K), 0,0010140 secs]
[Full GC 48089K->48086K(14651136K), 0,0719680 secs]
Scala running  :  13.426 [13.354, 17.816] (sec)
--------------- tpch11a
SQL -> M3      :  0.038
Scala codegen  :  0.041
Scala compile  :  0.601
[GC 4241545K->51407K(14652608K), 0,0045260 secs]
[Full GC 51407K->50155K(14652608K), 0,1512840 secs]
[GC 50155K->50155K(14651584K), 0,0009640 secs]
[Full GC 50155K->50150K(14651584K), 0,0741110 secs]
Scala running  :  0.842 [0.821, 0.870] (sec)
--------------- tpch12
SQL -> M3      :  0.173
Scala codegen  :  0.142
Scala compile  :  0.868
[GC 4887526K->53404K(14654336K), 0,0044180 secs]
[GC 4894044K->53396K(14653120K), 0,0037440 secs]
[GC 4894036K->53396K(14655936K), 0,0009470 secs]
[GC 4897620K->56204K(14655104K), 0,0037310 secs]
[GC 4900428K->56316K(14658176K), 0,0034590 secs]
[GC 4904956K->58788K(14657280K), 0,0036440 secs]
[GC 4907428K->58924K(14660288K), 0,0035480 secs]
[GC 4911852K->61429K(14659456K), 0,0037090 secs]
[GC 4914357K->63421K(14662656K), 0,0052070 secs]
[GC 4920829K->63885K(14661568K), 0,0038740 secs]
[GC 4921293K->66037K(14664768K), 0,0054770 secs]
[GC 4927733K->66533K(14663744K), 0,0039000 secs]
[GC 4928229K->68525K(14666560K), 0,0052730 secs]
[GC 4933933K->69069K(14665664K), 0,0036000 secs]
[GC 4934477K->69013K(14667648K), 0,0017580 secs]
[GC 4936981K->69125K(14667136K), 0,0012820 secs]
[GC 4937093K->71573K(14669056K), 0,0037320 secs]
[GC 4941973K->71662K(14668160K), 0,0033210 secs]
[GC 2721350K->73685K(14670272K), 0,0028800 secs]
[Full GC 73685K->49973K(14670272K), 0,2084040 secs]
[GC 59077K->50069K(14669504K), 0,0008420 secs]
[Full GC 50069K->49537K(14669504K), 0,0892670 secs]
Scala running  :  13.476 [13.434, 18.815] (sec)
--------------- tpch13
SQL -> M3      :  0.246
Scala codegen  :  0.139
Scala compile  :  0.961
[GC 4922497K->63188K(14663680K), 0,0170350 secs]
[GC 4930644K->61748K(14667136K), 0,0093770 secs]
[GC 4929204K->62772K(14668224K), 0,0024890 secs]
[GC 4931764K->61964K(14667584K), 0,0012320 secs]
[GC 4930956K->63468K(14669376K), 0,0022450 secs]
[GC 4934700K->62300K(14668672K), 0,0011070 secs]
[GC 4933532K->62652K(14670272K), 0,0013170 secs]
[GC 4935868K->63068K(14669760K), 0,0016340 secs]
[GC 4936284K->62652K(14671232K), 0,0012000 secs]
[GC 4937852K->63236K(14670784K), 0,0016060 secs]
[GC 4938436K->120068K(14631680K), 0,0780460 secs]
[GC 4956676K->122116K(14651712K), 0,0167790 secs]
[GC 4958724K->120756K(14653760K), 0,0097160 secs]
[GC 4960756K->121356K(14653056K), 0,0017500 secs]
[GC 4961356K->121596K(14655680K), 0,0016180 secs]
[GC 4965116K->121404K(14654656K), 0,0015170 secs]
[GC 4964924K->121980K(14657728K), 0,0017010 secs]
[GC 4969532K->121780K(14656640K), 0,0012890 secs]
[GC 4969332K->121940K(14659776K), 0,0015230 secs]
[GC 4973652K->121860K(14658752K), 0,0015610 secs]
[GC 4973572K->121932K(14661824K), 0,0011510 secs]
[GC 4977740K->134468K(14655232K), 0,0108390 secs]
[GC 4990276K->132077K(14660864K), 0,0117850 secs]
[GC 4985965K->132349K(14659840K), 0,0018960 secs]
[GC 4986237K->132525K(14662848K), 0,0018180 secs]
[GC 4990445K->132717K(14661888K), 0,0017180 secs]
[GC 4990637K->132605K(14664704K), 0,0015090 secs]
[GC 4994301K->133213K(14663808K), 0,0014610 secs]
[GC 4994909K->133125K(14666496K), 0,0015040 secs]
[GC 4998405K->133053K(14665600K), 0,0014110 secs]
[GC 4998333K->133605K(14668160K), 0,0015380 secs]
[GC 5002213K->133165K(14667264K), 0,0014010 secs]
[GC 5001773K->144245K(14663616K), 0,0099700 secs]
[GC 5009909K->142797K(14666240K), 0,0111240 secs]
[GC 5008461K->143029K(14667712K), 0,0018080 secs]
[GC 5010933K->143093K(14667008K), 0,0015770 secs]
[GC 5010997K->143573K(14669120K), 0,0018700 secs]
[GC 5014293K->143749K(14668416K), 0,0017520 secs]
[GC 5014469K->143389K(14670336K), 0,0015340 secs]
[GC 5016669K->143509K(14669760K), 0,0013730 secs]
[GC 5016789K->144133K(14671488K), 0,0015450 secs]
[GC 5019717K->143725K(14670912K), 0,0014670 secs]
[GC 5019309K->144013K(14672512K), 0,0013160 secs]
[GC 5021709K->154469K(14672000K), 0,0115980 secs]
[GC 5032165K->152933K(14668160K), 0,0075690 secs]
[GC 5026277K->153509K(14670080K), 0,0022100 secs]
[GC 5026853K->153853K(14671232K), 0,0019540 secs]
[GC 5028925K->153957K(14670656K), 0,0019210 secs]
[GC 5029029K->154157K(14672192K), 0,0018520 secs]
[GC 5031277K->154325K(14671744K), 0,0017700 secs]
[GC 5031445K->154477K(14673152K), 0,0016100 secs]
[GC 5033517K->154493K(14672704K), 0,0014970 secs]
[GC 5033533K->154461K(14673984K), 0,0015790 secs]
[GC 5035229K->219485K(14673600K), 0,0902880 secs]
[GC 5100253K->223661K(14630208K), 0,0210260 secs]
[GC 5060653K->222357K(14651904K), 0,0068130 secs]
[GC 5059349K->222909K(14653504K), 0,0020300 secs]
[GC 5062205K->222773K(14652608K), 0,0020790 secs]
[GC 5062069K->223333K(14655552K), 0,0019530 secs]
[GC 5066533K->223309K(14654464K), 0,0020230 secs]
[GC 5066509K->223237K(14657664K), 0,0017190 secs]
[GC 5070725K->223677K(14656640K), 0,0018470 secs]
[GC 5071165K->223797K(14659968K), 0,0019470 secs]
[GC 5075765K->223781K(14658816K), 0,0018430 secs]
[GC 5075749K->235501K(14657728K), 0,0110700 secs]
[GC 5087469K->233325K(14659392K), 0,0115930 secs]
[GC 5085293K->233725K(14661440K), 0,0022350 secs]
[GC 5088765K->233861K(14660416K), 0,0017430 secs]
[GC 5088901K->234325K(14663424K), 0,0019110 secs]
[GC 5093333K->234405K(14662400K), 0,0020790 secs]
[GC 5093413K->234365K(14665280K), 0,0018290 secs]
[GC 5097213K->234741K(14664384K), 0,0018060 secs]
[GC 5097589K->234853K(14667072K), 0,0019400 secs]
[GC 5101285K->234949K(14666176K), 0,0018140 secs]
[GC 5101381K->234573K(14668608K), 0,0016240 secs]
[GC 5104269K->245629K(14667712K), 0,0102600 secs]
[GC 5115325K->244126K(14666048K), 0,0091030 secs]
[GC 5111070K->244446K(14666880K), 0,0023750 secs]
[GC 5111390K->244638K(14668288K), 0,0021300 secs]
[GC 5113694K->244670K(14667584K), 0,0020350 secs]
[GC 5113726K->245062K(14669632K), 0,0020080 secs]
[GC 5116806K->245238K(14668928K), 0,0019240 secs]
[GC 5116982K->245070K(14670784K), 0,0018150 secs]
[GC 5119310K->245494K(14670272K), 0,0019630 secs]
[GC 5119734K->245078K(14671872K), 0,0017970 secs]
[GC 5121558K->252742K(14671104K), 0,0085430 secs]
[GC 5129222K->255590K(14664576K), 0,0097140 secs]
[GC 5124454K->254070K(14667840K), 0,0075230 secs]
[GC 5122934K->254614K(14668864K), 0,0021340 secs]
[GC 5124950K->254582K(14668288K), 0,0018670 secs]
[GC 5124918K->254902K(14669888K), 0,0020710 secs]
[GC 5127350K->255254K(14669376K), 0,0020770 secs]
[GC 5127702K->255230K(14670976K), 0,0017870 secs]
[GC 5129854K->255382K(14670464K), 0,0019480 secs]
[GC 5130006K->255790K(14672000K), 0,0036190 secs]
[GC 5132462K->255310K(14671488K), 0,0017150 secs]
[GC 5131982K->326886K(14621632K), 0,0811880 secs]
[GC 5154150K->329622K(14647040K), 0,0216960 secs]
[GC 5156886K->328566K(14650048K), 0,0083650 secs]
[GC 5160950K->328814K(14649152K), 0,0023140 secs]
[GC 5161198K->328846K(14652096K), 0,0021440 secs]
[GC 5165134K->329030K(14651008K), 0,0019850 secs]
[GC 5165318K->329286K(14654464K), 0,0019940 secs]
[GC 5170182K->329414K(14653248K), 0,0020120 secs]
[GC 5170310K->329686K(14656896K), 0,0020420 secs]
[GC 5175446K->329726K(14655680K), 0,0021180 secs]
[GC 5175486K->329694K(14659328K), 0,0020020 secs]
[GC 2521154K->329502K(14658176K), 0,0018600 secs]
[Full GC 329502K->50346K(14658176K), 0,1670440 secs]
[GC 166562K->50410K(14661568K), 0,0009460 secs]
[Full GC 50410K->49879K(14661568K), 0,0921250 secs]
Scala running  :  46.308 [46.099, 50.036] (sec)
--------------- tpch14
SQL -> M3      :  0.302
Scala codegen  :  0.165
Scala compile  :  0.596
[GC 4905111K->52789K(14660480K), 0,0039250 secs]
[GC 4908021K->53356K(14664192K), 0,0044760 secs]
[GC 4913836K->53380K(14663104K), 0,0015360 secs]
[GC 4913860K->55565K(14666304K), 0,0034430 secs]
[GC 4920141K->55501K(14665088K), 0,0026930 secs]
[GC 4920077K->55613K(14667840K), 0,0011820 secs]
[GC 4923773K->57725K(14667136K), 0,0032400 secs]
[GC 4925885K->57685K(14669440K), 0,0028510 secs]
[GC 4929109K->57893K(14668800K), 0,0014380 secs]
[GC 4929317K->59885K(14670720K), 0,0032180 secs]
[GC 4933805K->59949K(14670016K), 0,0028510 secs]
[GC 4933869K->60213K(14671744K), 0,0010060 secs]
[GC 4936373K->62181K(14671232K), 0,0027150 secs]
[GC 4938341K->62181K(14672576K), 0,0028480 secs]
[GC 4940133K->62461K(14672192K), 0,0011100 secs]
[GC 1861981K->63829K(14673472K), 0,0029420 secs]
[Full GC 63829K->49828K(14673472K), 0,2108990 secs]
[GC 64789K->49924K(14673024K), 0,0012050 secs]
[Full GC 49924K->49297K(14673024K), 0,0882890 secs]
Scala running  :  11.273 [11.225, 16.409] (sec)
--------------- tpch15
SQL -> M3      :  3.504
Scala codegen  :  0.545
Scala compile  :  3.383
[GC 4928977K->59936K(14667968K), 0,0130090 secs]
[GC 4934816K->60022K(14670848K), 0,0081010 secs]
[GC 4934902K->60034K(14671616K), 0,0014430 secs]
[GC 4936130K->61258K(14671296K), 0,0020490 secs]
[GC 4937354K->61218K(14672576K), 0,0021110 secs]
[GC 4939106K->61238K(14672128K), 0,0013140 secs]
[GC 4939126K->62406K(14673344K), 0,0019510 secs]
[GC 4941830K->62342K(14672896K), 0,0017270 secs]
[GC 4941766K->62414K(14673984K), 0,0012180 secs]
[GC 4943310K->63398K(14673728K), 0,0018850 secs]
[GC 4944294K->63894K(14674688K), 0,0019310 secs]
[GC 4946134K->64503K(14674368K), 0,0016980 secs]
[GC 4946743K->64543K(14675328K), 0,0010680 secs]
[GC 4948063K->64551K(14675008K), 0,0013350 secs]
[GC 4948071K->65519K(14675840K), 0,0015350 secs]
[GC 3266333K->65231K(14675520K), 0,0011230 secs]
[Full GC 65231K->57929K(14675520K), 0,1713790 secs]
[GC 71908K->58025K(14676096K), 0,0011100 secs]
[Full GC 58025K->57561K(14676096K), 0,0980430 secs]
Scala running  :  11.302 [11.273, 16.096] (sec)
--------------- tpch16
SQL -> M3      :  0.247
Scala codegen  :  0.302
Scala compile  :  1.536
[GC 4942809K->108116K(14675968K), 0,0689090 secs]
[GC 4993364K->110252K(14642176K), 0,0188380 secs]
[GC 4961580K->111552K(14659072K), 0,0058670 secs]
[GC 4962880K->112660K(14660800K), 0,0044210 secs]
[GC 4966612K->113660K(14659968K), 0,0041690 secs]
[GC 4967612K->113908K(14662464K), 0,0035930 secs]
[GC 4971252K->114748K(14661696K), 0,0038210 secs]
[GC 4972092K->115308K(14664064K), 0,0036360 secs]
[GC 4975852K->116252K(14663296K), 0,0036380 secs]
[GC 4976796K->116852K(14665792K), 0,0037540 secs]
[GC 4980788K->117004K(14664960K), 0,0034220 secs]
[GC 4980940K->117884K(14667264K), 0,0029640 secs]
[GC 4984828K->118052K(14666496K), 0,0033340 secs]
[GC 4984996K->118868K(14668672K), 0,0029990 secs]
[GC 4988628K->119636K(14667904K), 0,0031030 secs]
[GC 4989396K->119500K(14670016K), 0,0028660 secs]
[GC 4992140K->120364K(14669440K), 0,0030450 secs]
[GC 4993004K->119948K(14671168K), 0,0027820 secs]
[GC 4995020K->121164K(14670720K), 0,0029120 secs]
[GC 4996236K->121564K(14672384K), 0,0031040 secs]
[GC 4998940K->121892K(14671808K), 0,0029250 secs]
[GC 4999268K->121476K(14673280K), 0,0024550 secs]
[GC 5000900K->167653K(14672960K), 0,0580110 secs]
[GC 5047077K->168245K(14643392K), 0,0133790 secs]
[GC 5017781K->169669K(14658176K), 0,0063720 secs]
[GC 5019205K->171253K(14659968K), 0,0050630 secs]
[GC 5023477K->171801K(14659072K), 0,0043180 secs]
[GC 5024025K->172809K(14661568K), 0,0041070 secs]
[GC 5028297K->173769K(14660736K), 0,0041260 secs]
[GC 5029257K->174065K(14663296K), 0,0038870 secs]
[GC 5033009K->174465K(14662464K), 0,0035170 secs]
[GC 5033409K->175713K(14664960K), 0,0037550 secs]
[GC 5037921K->176001K(14664064K), 0,0044360 secs]
[GC 5038209K->176977K(14666624K), 0,0037550 secs]
[GC 5042577K->177465K(14665792K), 0,0036150 secs]
[GC 5043065K->178105K(14668160K), 0,0037160 secs]
[GC 5046841K->178489K(14667392K), 0,0033710 secs]
[GC 5047225K->178801K(14669568K), 0,0035550 secs]
[GC 5050417K->178369K(14668864K), 0,0069770 secs]
[GC 5049985K->178937K(14670592K), 0,0030730 secs]
[GC 5052793K->180025K(14670080K), 0,0121720 secs]
[GC 5053881K->180457K(14671872K), 0,0042340 secs]
[GC 5056745K->180209K(14671232K), 0,0031190 secs]
[GC 5056497K->181121K(14672832K), 0,0031620 secs]
[GC 5059457K->181465K(14672320K), 0,0033430 secs]
[GC 5059801K->225249K(14642112K), 0,0567220 secs]
[GC 5073889K->226321K(14657728K), 0,0136990 secs]
[GC 5074961K->227937K(14659648K), 0,0065600 secs]
[GC 5079457K->228621K(14658688K), 0,0048710 secs]
[GC 5080141K->229989K(14661248K), 0,0113320 secs]
[GC 5084773K->230725K(14660352K), 0,0044090 secs]
[GC 5085509K->231373K(14662976K), 0,0049180 secs]
[GC 5089613K->231501K(14662080K), 0,0037930 secs]
[GC 5089741K->232525K(14664576K), 0,0038600 secs]
[GC 5094029K->233101K(14663744K), 0,0044070 secs]
[GC 5094605K->233725K(14666112K), 0,0040740 secs]
[GC 5098429K->234725K(14665408K), 0,0038340 secs]
[GC 5099429K->235141K(14667712K), 0,0038930 secs]
[GC 5102981K->235509K(14666944K), 0,0037950 secs]
[GC 5103349K->235149K(14668992K), 0,0035740 secs]
[GC 5105805K->236173K(14668480K), 0,0044610 secs]
[GC 5106829K->236157K(14670272K), 0,0034510 secs]
[GC 5109309K->237133K(14669696K), 0,0038770 secs]
[GC 5110285K->237453K(14671488K), 0,0035650 secs]
[GC 5113037K->236765K(14670912K), 0,0030090 secs]
[GC 5112349K->238133K(14672448K), 0,0035140 secs]
[GC 5115637K->237949K(14671872K), 0,0032280 secs]
[GC 5115453K->238213K(14673280K), 0,0030890 secs]
[GC 5117573K->281653K(14672896K), 0,0544100 secs]
[GC 5161013K->282493K(14645120K), 0,0088360 secs]
[GC 5133693K->283745K(14659008K), 0,0061330 secs]
[GC 5134945K->284757K(14660736K), 0,0050740 secs]
[GC 5138581K->285453K(14659904K), 0,0048470 secs]
[GC 5139277K->286557K(14662464K), 0,0045700 secs]
[GC 5143773K->287245K(14661568K), 0,0045060 secs]
[GC 5144461K->287829K(14664192K), 0,0044450 secs]
[GC 5148565K->288317K(14663360K), 0,0042410 secs]
[GC 5149053K->289422K(14665920K), 0,0051130 secs]
[GC 5153550K->289262K(14665024K), 0,0041070 secs]
[GC 5153390K->290334K(14667392K), 0,0040210 secs]
[GC 5157534K->290870K(14666624K), 0,0041630 secs]
[GC 5158070K->291190K(14668800K), 0,0040060 secs]
[GC 5161334K->291710K(14668160K), 0,0043090 secs]
[GC 5161854K->291198K(14670016K), 0,0036130 secs]
[GC 5163902K->291782K(14669504K), 0,0035630 secs]
[GC 5164486K->292766K(14671168K), 0,0040790 secs]
[GC 5167646K->293230K(14670528K), 0,0039840 secs]
[GC 5168110K->293534K(14672320K), 0,0045210 secs]
[GC 5170782K->293310K(14671744K), 0,0036870 secs]
[GC 5170558K->293638K(14673088K), 0,0035820 secs]
[GC 5172614K->339270K(14672704K), 0,0566620 secs]
[GC 5218246K->339918K(14643648K), 0,0122040 secs]
[GC 5189454K->341518K(14658176K), 0,0060040 secs]
[GC 5191054K->342862K(14659968K), 0,0055060 secs]
[GC 5195086K->343894K(14659072K), 0,0050180 secs]
[GC 5196118K->344646K(14661696K), 0,0050330 secs]
[GC 5200390K->345078K(14660864K), 0,0046860 secs]
[GC 5200822K->345766K(14663360K), 0,0044920 secs]
[GC 5204838K->346470K(14662528K), 0,0043730 secs]
[GC 5205542K->347558K(14665152K), 0,0051100 secs]
[GC 5210086K->348214K(14664192K), 0,0045430 secs]
[GC 5210742K->348542K(14666688K), 0,0043570 secs]
[GC 5214334K->348678K(14665920K), 0,0039180 secs]
[GC 5214470K->349062K(14668032K), 0,0043690 secs]
[GC 5217670K->349982K(14667392K), 0,0040280 secs]
[GC 5218590K->350158K(14669440K), 0,0039310 secs]
[GC 5221582K->350102K(14668800K), 0,0037000 secs]
[GC 5221526K->350718K(14670592K), 0,0038810 secs]
[GC 5224510K->350782K(14670016K), 0,0035420 secs]
[GC 5224574K->351046K(14671552K), 0,0036470 secs]
[GC 5226886K->351366K(14671104K), 0,0037110 secs]
[GC 5227206K->352646K(14672640K), 0,0040630 secs]
[GC 5230534K->353062K(14672064K), 0,0041320 secs]
[GC 5230950K->396646K(14641984K), 0,0460760 secs]
[GC 5245030K->397510K(14657600K), 0,0122730 secs]
[GC 5245894K->398866K(14659520K), 0,0058000 secs]
[GC 5250194K->400234K(14658624K), 0,0056950 secs]
[GC 5251562K->400858K(14661248K), 0,0049960 secs]
[GC 5255706K->401234K(14660416K), 0,0047550 secs]
[GC 5256082K->402482K(14662976K), 0,0048920 secs]
[GC 5260722K->403098K(14662080K), 0,0048180 secs]
[GC 5261338K->403522K(14664704K), 0,0046860 secs]
[GC 5265282K->404234K(14663872K), 0,0053680 secs]
[GC 5265994K->404610K(14666240K), 0,0060470 secs]
[GC 5269570K->405394K(14665536K), 0,0045310 secs]
[GC 5270354K->406082K(14667776K), 0,0044060 secs]
[GC 5274050K->406306K(14667008K), 0,0043020 secs]
[GC 5274274K->406834K(14669184K), 0,0045460 secs]
[GC 5277682K->407090K(14668480K), 0,0045210 secs]
[GC 5277938K->407834K(14670528K), 0,0044890 secs]
[GC 5281370K->408194K(14669824K), 0,0045520 secs]
[GC 5281730K->407770K(14671616K), 0,0043730 secs]
[GC 5283738K->408722K(14671168K), 0,0041920 secs]
[GC 5284690K->409290K(14672704K), 0,0042850 secs]
[GC 5287306K->409538K(14672128K), 0,0043760 secs]
[GC 5287554K->410915K(14673408K), 0,0046170 secs]
[GC 5290659K->452547K(14673152K), 0,0437100 secs]
[GC 5332291K->452467K(14645120K), 0,0071660 secs]
[GC 5303923K->453883K(14659136K), 0,0068720 secs]
[GC 5305339K->454575K(14660736K), 0,0054440 secs]
[GC 5308463K->455319K(14659968K), 0,0050810 secs]
[GC 5309207K->455911K(14662336K), 0,0048420 secs]
[GC 5312935K->457247K(14661504K), 0,0052650 secs]
[GC 5314271K->457095K(14663936K), 0,0048480 secs]
[GC 5317447K->457975K(14663232K), 0,0047890 secs]
[GC 5318327K->459335K(14665728K), 0,0058410 secs]
[GC 5323015K->459191K(14664768K), 0,0047190 secs]
[GC 5322871K->459967K(14667136K), 0,0048380 secs]
[GC 5326719K->459895K(14666432K), 0,0042310 secs]
[GC 5326647K->460791K(14668480K), 0,0043880 secs]
[GC 5330231K->461623K(14667776K), 0,0056000 secs]
[GC 5331063K->461511K(14669888K), 0,0042980 secs]
[GC 5333831K->462431K(14669248K), 0,0046720 secs]
[GC 5334751K->462719K(14671168K), 0,0044570 secs]
[GC 5337663K->462671K(14670592K), 0,0045080 secs]
[GC 5337615K->462695K(14672128K), 0,0041500 secs]
[GC 5339687K->463847K(14671680K), 0,0047790 secs]
[GC 5340839K->463847K(14673152K), 0,0044080 secs]
[GC 5342887K->508871K(14672704K), 0,0473770 secs]
[GC 5387911K->509471K(14643904K), 0,0139960 secs]
[GC 5359263K->511023K(14658304K), 0,0070810 secs]
[GC 5360815K->512179K(14660032K), 0,0059790 secs]
[GC 5364595K->513427K(14659200K), 0,0061340 secs]
[GC 5365843K->514243K(14661824K), 0,0060750 secs]
[GC 5370179K->514611K(14660928K), 0,0056540 secs]
[GC 5370547K->515683K(14663552K), 0,0058510 secs]
[GC 5375075K->516267K(14662656K), 0,0056770 secs]
[GC 5375659K->517219K(14665280K), 0,0059630 secs]
[GC 5380067K->517859K(14664384K), 0,0056140 secs]
[GC 5380707K->518235K(14666880K), 0,0053950 secs]
[GC 5384411K->518131K(14666112K), 0,0050120 secs]
[GC 5384307K->518571K(14668160K), 0,0050410 secs]
[GC 5387435K->518851K(14667520K), 0,0045950 secs]
[GC 5387715K->519915K(14669440K), 0,0047850 secs]
[GC 5391275K->519683K(14668736K), 0,0047610 secs]
[GC 5391043K->520539K(14670656K), 0,0051190 secs]
[GC 5394395K->520267K(14670016K), 0,0044960 secs]
[GC 5394123K->520891K(14671680K), 0,0045080 secs]
[GC 5396923K->521195K(14671168K), 0,0044510 secs]
[GC 5397227K->521595K(14672640K), 0,0045010 secs]
[GC 5399611K->522299K(14672192K), 0,0047350 secs]
[GC 5400315K->566051K(14642048K), 0,0455080 secs]
[GC 5414435K->566955K(14657600K), 0,0144870 secs]
[GC 5415339K->568187K(14659584K), 0,0070310 secs]
[GC 5419579K->569552K(14658624K), 0,0065180 secs]
[GC 5420944K->570223K(14661312K), 0,0060370 secs]
[GC 5425199K->570895K(14660480K), 0,0056950 secs]
[GC 5425871K->571415K(14663040K), 0,0055820 secs]
[GC 5429847K->572208K(14662208K), 0,0058820 secs]
[GC 5430640K->572792K(14664704K), 0,0054950 secs]
[GC 5434552K->573920K(14663872K), 0,0061550 secs]
[GC 5435680K->574072K(14666368K), 0,0053200 secs]
[GC 5439288K->574824K(14665664K), 0,0064810 secs]
[GC 5440040K->575456K(14667904K), 0,0055650 secs]
[GC 5443680K->575176K(14667136K), 0,0056070 secs]
[GC 5443400K->576424K(14669312K), 0,0057100 secs]
[GC 5447464K->576784K(14668544K), 0,0058340 secs]
[GC 5447824K->576456K(14670528K), 0,0057120 secs]
[GC 5450184K->577640K(14670016K), 0,0054820 secs]
[GC 5451368K->577936K(14671744K), 0,0054970 secs]
[GC 5454032K->577752K(14671168K), 0,0054180 secs]
[GC 5453848K->578632K(14672768K), 0,0056630 secs]
[GC 5456840K->578896K(14672256K), 0,0055020 secs]
[GC 5457104K->624960K(14640448K), 0,0496740 secs]
[GC 5471808K->625392K(14656832K), 0,0142150 secs]
[GC 5472240K->626896K(14658944K), 0,0080800 secs]
[GC 5477072K->628432K(14658048K), 0,0074600 secs]
[GC 5478608K->629452K(14660672K), 0,0065580 secs]
[GC 5483148K->629756K(14659840K), 0,0063930 secs]
[GC 5483452K->630476K(14662208K), 0,0058240 secs]
[GC 5487308K->631804K(14661440K), 0,0061530 secs]
[GC 5488636K->631636K(14663872K), 0,0055990 secs]
[GC 5491796K->632604K(14663104K), 0,0057760 secs]
[GC 5492764K->633908K(14665664K), 0,0065360 secs]
[GC 5497460K->633772K(14664704K), 0,0061030 secs]
[GC 5497324K->634876K(14667200K), 0,0060540 secs]
[GC 5501628K->634468K(14666368K), 0,0054830 secs]
[GC 5501220K->635300K(14668544K), 0,0056680 secs]
[GC 5504868K->635444K(14667840K), 0,0056720 secs]
[GC 5505012K->636148K(14669824K), 0,0057590 secs]
[GC 5508340K->636180K(14669184K), 0,0053150 secs]
[GC 5508372K->637316K(14671040K), 0,0058410 secs]
[GC 5511940K->637628K(14670400K), 0,0058770 secs]
[GC 5512252K->638036K(14672256K), 0,0057420 secs]
[GC 5515156K->638412K(14671680K), 0,0056900 secs]
[GC 5515532K->638684K(14673280K), 0,0059360 secs]
[GC 2762733K->638597K(14672832K), 0,0049510 secs]
[Full GC 638597K->63140K(14672832K), 0,2733870 secs]
[GC 63140K->63140K(14673856K), 0,0010620 secs]
[Full GC 63140K->63136K(14673856K), 0,0898540 secs]
Scala running  :  159.898 [158.941, 163.538] (sec)
--------------- tpch17
SQL -> M3      :  5.011
Scala codegen  :  0.106
Scala compile  :  0.502
[GC 4943840K->91947K(14673664K), 0,0358180 secs]
[GC 4972651K->121661K(14633728K), 0,0482880 secs]
[GC 4962237K->142285K(14648192K), 0,0334050 secs]
[GC 4982861K->170318K(14625152K), 0,0510720 secs]
[GC 4979278K->183453K(14637888K), 0,0508060 secs]
[GC 4992413K->210798K(14627200K), 0,0467220 secs]
[GC 5010286K->211166K(14633152K), 0,0404570 secs]
[GC 5010654K->237902K(14630912K), 0,0443750 secs]
[GC 5037646K->231062K(14633280K), 0,0216360 secs]
[GC 5030806K->237878K(14637632K), 0,0245250 secs]
[GC 5044022K->265774K(14633920K), 0,0420060 secs]
[GC 5071918K->265974K(14633792K), 0,0440200 secs]
[GC 5066870K->293359K(14624896K), 0,0465060 secs]
[GC 5094255K->293759K(14632192K), 0,0408650 secs]
[GC 5089151K->320423K(14630016K), 0,0453060 secs]
[GC 5115815K->314111K(14633792K), 0,0229970 secs]
[GC 5112511K->320543K(14631424K), 0,0251010 secs]
[GC 3255629K->322095K(14636800K), 0,0228220 secs]
[Full GC 322095K->59394K(14636800K), 0,2131240 secs]
[GC 75764K->59458K(14592448K), 0,0012370 secs]
[Full GC 59458K->58896K(14592448K), 0,1019320 secs]
Scala running  :  11.664 [11.581, 16.848] (sec)
--------------- tpch17a
SQL -> M3      :  0.465
Scala codegen  :  0.062
Scala compile  :  0.461
[GC 4864528K->86368K(14634240K), 0,0337290 secs]
[GC 4889312K->86370K(14634880K), 0,0305280 secs]
[GC 4889314K->86410K(14637248K), 0,0233300 secs]
[GC 4892170K->129403K(14635328K), 0,0674860 secs]
[GC 4935163K->137811K(14618176K), 0,0556160 secs]
[GC 4924499K->180075K(14622592K), 0,0590500 secs]
[GC 4966763K->163067K(14618496K), 0,0356070 secs]
[GC 4937339K->180403K(14620544K), 0,0222180 secs]
[GC 4954675K->222827K(14600768K), 0,0597450 secs]
[GC 4980331K->223179K(14612160K), 0,0587080 secs]
[GC 4980683K->266284K(14601984K), 0,0548340 secs]
[GC 5015852K->266636K(14608192K), 0,0565020 secs]
[GC 5016204K->309004K(14603712K), 0,0524380 secs]
[GC 5056268K->294188K(14607040K), 0,0358060 secs]
[GC 5041452K->309204K(14611008K), 0,0246650 secs]
[GC 5061396K->351852K(14595904K), 0,0527520 secs]
[GC 5104044K->352044K(14606528K), 0,0593830 secs]
[GC 2480054K->369980K(14604224K), 0,0382470 secs]
[Full GC 369980K->59236K(14604224K), 0,1448730 secs]
[GC 75036K->59364K(14609216K), 0,0010460 secs]
[Full GC 59364K->58674K(14609216K), 0,1016240 secs]
Scala running  :  11.585 [11.395, 16.112] (sec)
--------------- tpch18
SQL -> M3      :  0.180
Scala codegen  :  0.096
Scala compile  :  0.711
[GC 4811954K->64726K(14610048K), 0,0085230 secs]
[GC 4818006K->81591K(14614656K), 0,0251460 secs]
[GC 4840439K->114967K(14611008K), 0,0576500 secs]
[GC 4873815K->130327K(14614528K), 0,0528810 secs]
[GC 4889623K->165296K(14593280K), 0,0411710 secs]
[GC 4924592K->180112K(14612928K), 0,0567270 secs]
[GC 4936528K->215592K(14591488K), 0,0384960 secs]
[GC 4972008K->215664K(14608512K), 0,0501480 secs]
[GC 4966128K->265945K(14587904K), 0,0381060 secs]
[GC 5016409K->266057K(14604352K), 0,0524500 secs]
[GC 5007561K->316401K(14579520K), 0,0380450 secs]
[GC 5057905K->316577K(14600704K), 0,0520880 secs]
[GC 5050337K->366897K(14572096K), 0,0374720 secs]
[GC 5100657K->367065K(14597632K), 0,0528700 secs]
[GC 5094361K->417330K(14565888K), 0,0387410 secs]
[GC 5144626K->417490K(14595008K), 0,0538980 secs]
[GC 5139282K->466730K(14559552K), 0,0375650 secs]
[GC 5188522K->467946K(14593280K), 0,0533280 secs]
[GC 5186026K->515266K(14554112K), 0,0365640 secs]
[GC 5233346K->518635K(14592640K), 0,0525630 secs]
[GC 5235115K->535771K(14590656K), 0,0155430 secs]
[GC 1245937K->572136K(14594048K), 0,0507100 secs]
[Full GC 572136K->61884K(14594048K), 0,2982230 secs]
[GC 61884K->61884K(14595904K), 0,0010050 secs]
[Full GC 61884K->61881K(14595904K), 0,0832930 secs]
Scala running  :  13.722 [13.571, 17.928] (sec)
--------------- tpch18a
SQL -> M3      :  3.498
Scala codegen  :  0.129
Scala compile  :  0.693
[GC 4786873K->69880K(14600128K), 0,0107320 secs]
[GC 4800248K->83156K(14597056K), 0,0224660 secs]
[GC 4813524K->110261K(14603520K), 0,0476690 secs]
[GC 4851893K->110285K(14604224K), 0,0386820 secs]
[GC 4851917K->150885K(14601664K), 0,0326750 secs]
[GC 4891749K->150981K(14603840K), 0,0401770 secs]
[GC 4891845K->191605K(14600640K), 0,0320010 secs]
[GC 4931189K->191701K(14603200K), 0,0411440 secs]
[GC 4931285K->232054K(14600000K), 0,0319410 secs]
[GC 4970358K->232566K(14602560K), 0,0423360 secs]
[GC 4970870K->268038K(14602944K), 0,0285870 secs]
[GC 5008646K->273502K(14603712K), 0,0423940 secs]
[GC 5014110K->286790K(14610304K), 0,0134460 secs]
[GC 5036166K->314319K(14605888K), 0,0480520 secs]
[GC 5063695K->314407K(14610432K), 0,0382740 secs]
[GC 5066919K->354903K(14580800K), 0,0338640 secs]
[GC 5107415K->355063K(14609344K), 0,0405890 secs]
[GC 5105335K->395680K(14579712K), 0,0323820 secs]
[GC 5145952K->395752K(14608064K), 0,0422590 secs]
[GC 5143336K->436576K(14577856K), 0,0329920 secs]
[GC 5184160K->436944K(14606720K), 0,0431420 secs]
[GC 5122467K->473231K(14604992K), 0,0291220 secs]
[Full GC 473231K->59668K(14604992K), 0,1749910 secs]
[GC 59668K->59668K(14606528K), 0,0012620 secs]
[Full GC 59668K->59664K(14606528K), 0,0846460 secs]
Scala running  :  13.561 [13.522, 17.978] (sec)
--------------- tpch2
SQL -> M3      :  0.809
Scala codegen  :  0.214
Scala compile  :  1.467
[GC 4804752K->92352K(14605376K), 0,0353210 secs]
[GC 2263853K->65349K(14608832K), 0,0062210 secs]
[Full GC 65349K->62246K(14608832K), 0,2421710 secs]
[GC 89386K->62310K(14607424K), 0,0012110 secs]
[Full GC 62310K->61704K(14607424K), 0,1092000 secs]
Scala running  :  0.932 [0.528, 0.972] (sec)
--------------- tpch3
SQL -> M3      :  0.179
Scala codegen  :  0.110
Scala compile  :  0.675
[GC 4811144K->71390K(14614272K), 0,0128500 secs]
[GC 4829406K->83047K(14610560K), 0,0238280 secs]
[GC 4841063K->91039K(14622528K), 0,0236760 secs]
[GC 4865247K->96623K(14618496K), 0,0221000 secs]
[GC 4870831K->110864K(14628992K), 0,0215420 secs]
[GC 4898128K->115472K(14625088K), 0,0216990 secs]
[GC 4902736K->130720K(14634048K), 0,0214720 secs]
[GC 4928928K->135328K(14630976K), 0,0228190 secs]
[GC 4933536K->150248K(14638208K), 0,0199540 secs]
[GC 4957352K->154792K(14635712K), 0,0232600 secs]
[GC 4961896K->170001K(14641216K), 0,0196650 secs]
[GC 4984017K->174409K(14639616K), 0,0233200 secs]
[GC 4988425K->189809K(14643392K), 0,0191290 secs]
[GC 5008817K->194097K(14642432K), 0,0233260 secs]
[GC 5013105K->208818K(14645376K), 0,0177340 secs]
[GC 5031858K->214122K(14644480K), 0,0213570 secs]
[GC 5037162K->227442K(14647488K), 0,0169610 secs]
[GC 5054514K->234098K(14646400K), 0,0210240 secs]
[GC 5061170K->245842K(14649920K), 0,0157750 secs]
[GC 5077458K->254075K(14648512K), 0,0189510 secs]
[GC 5085691K->266115K(14652224K), 0,0240620 secs]
[GC 1381108K->267964K(14651200K), 0,0145410 secs]
[Full GC 267964K->64221K(14651200K), 0,1524720 secs]
[GC 72887K->64317K(14652032K), 0,0010150 secs]
[Full GC 64317K->63457K(14652032K), 0,1084310 secs]
Scala running  :  13.569 [13.512, 17.841] (sec)
--------------- tpch4
SQL -> M3      :  0.092
Scala codegen  :  0.048
Scala compile  :  0.425
[GC 4901729K->68002K(14652544K), 0,0063390 secs]
[GC 4906274K->68091K(14653440K), 0,0054270 secs]
[GC 4907835K->68067K(14653120K), 0,0029460 secs]
[GC 4907811K->71260K(14654784K), 0,0062190 secs]
[GC 4913052K->71268K(14653824K), 0,0050000 secs]
[GC 4913060K->73996K(14656384K), 0,0050890 secs]
[GC 4918924K->74484K(14655360K), 0,0048070 secs]
[GC 4919412K->76740K(14658112K), 0,0054320 secs]
[GC 4925188K->75244K(14657152K), 0,0018100 secs]
[GC 4923692K->76788K(14659648K), 0,0030870 secs]
[GC 4928372K->79556K(14658752K), 0,0059050 secs]
[GC 4931140K->79660K(14661760K), 0,0055580 secs]
[GC 4935532K->82389K(14660928K), 0,0065900 secs]
[GC 4938261K->82357K(14663616K), 0,0050400 secs]
[GC 4942069K->85381K(14662912K), 0,0063680 secs]
[GC 4945093K->85765K(14665344K), 0,0050290 secs]
[GC 4948933K->88173K(14664640K), 0,0061500 secs]
[GC 4431517K->86373K(14666496K), 0,0016260 secs]
[Full GC 86373K->63379K(14666496K), 0,1455250 secs]
[GC 79643K->63539K(14666176K), 0,0008820 secs]
[Full GC 63539K->62784K(14666176K), 0,1071750 secs]
Scala running  :  13.249 [13.161, 18.274] (sec)
--------------- tpch6
SQL -> M3      :  0.048
Scala codegen  :  0.024
Scala compile  :  0.260
[GC 4928640K->65201K(14667776K), 0,0033100 secs]
[GC 4933105K->64900K(14666944K), 0,0026750 secs]
[GC 4932804K->65052K(14668736K), 0,0010040 secs]
[GC 4935196K->65124K(14668224K), 0,0011230 secs]
[GC 4935268K->65460K(14669696K), 0,0011050 secs]
[GC 4937524K->65548K(14669184K), 0,0010000 secs]
[GC 4937612K->65588K(14670720K), 0,0011500 secs]
[GC 4939764K->65964K(14670272K), 0,0010340 secs]
[GC 4940140K->66044K(14671744K), 0,0011330 secs]
[GC 4942204K->66076K(14671232K), 0,0009560 secs]
[GC 4942236K->66460K(14672640K), 0,0011400 secs]
[GC 4944412K->66468K(14672128K), 0,0010180 secs]
[GC 4944420K->66484K(14673472K), 0,0010490 secs]
[GC 4946228K->66508K(14673088K), 0,0009940 secs]
[GC 2034221K->66548K(14674176K), 0,0010540 secs]
[Full GC 66548K->62695K(14674176K), 0,1454310 secs]
[GC 79167K->62791K(14673856K), 0,0012130 secs]
[Full GC 62791K->62331K(14673856K), 0,1103090 secs]
Scala running  :  11.124 [11.058, 16.474] (sec)
--------------- tpch7
SQL -> M3      :  3.171
Scala codegen  :  0.452
Scala compile  :  1.907
[GC 4943547K->174357K(14593216K), 0,1624230 secs]
[GC 4975253K->288013K(14633856K), 0,1579370 secs]
[GC 5088909K->372717K(14493312K), 0,1783580 secs]
[GC 5033069K->470309K(14563584K), 0,1567580 secs]
[GC 5130661K->894318K(14152576K), 0,5074790 secs]
[GC 5143662K->1803682K(14358080K), 0,8815100 secs]
[GC 6053026K->1816191K(13753024K), 0,4371540 secs]
[GC 5460479K->1828607K(14055552K), 0,0501260 secs]
[GC 5472895K->1843335K(14104128K), 0,0572700 secs]
[GC 5558983K->1857935K(14078336K), 0,0665440 secs]
[GC 5573583K->1843071K(14155584K), 0,0404560 secs]
[GC 5663807K->3246619K(14131968K), 1,1073810 secs]
[GC 7067355K->3265072K(13355520K), 0,5392030 secs]
[GC 6285744K->3277144K(13743744K), 0,0620220 secs]
[GC 6297816K->3290720K(13821440K), 0,0697460 secs]
[GC 6426528K->3305832K(13781184K), 0,0799050 secs]
[GC 6441640K->3321528K(13907712K), 0,0905790 secs]
[GC 6626360K->3320872K(13863936K), 0,0793210 secs]
[GC 6625704K->4660881K(13141056K), 1,0675920 secs]
[GC 7284113K->4688786K(13545024K), 0,7169880 secs]
[GC 7312018K->4697930K(13626432K), 0,0444730 secs]
[GC 7441738K->4711146K(13584192K), 0,0499140 secs]
[GC 7454954K->4724010K(13720640K), 0,0586300 secs]
[GC 7650154K->4738538K(13672320K), 0,0668540 secs]
[GC 7664682K->4751906K(13821248K), 0,0760330 secs]
[GC 7877026K->4769242K(13770688K), 0,0883940 secs]
[GC 7894362K->5166098K(13781824K), 0,3127370 secs]
[GC 8353426K->6131007K(13827072K), 1,0075090 secs]
[GC 9318335K->6144928K(13133312K), 1,1716090 secs]
[GC 8638496K->6156360K(13480192K), 0,2189450 secs]
[GC 8649928K->6171696K(13579072K), 0,0660150 secs]
[GC 8811568K->6184432K(13527616K), 0,0695640 secs]
[GC 8824304K->6197016K(13687488K), 0,0772430 secs]
[GC 9050392K->6210944K(13632704K), 0,0853600 secs]
[GC 9064320K->6205240K(13794304K), 0,0704360 secs]
[GC 9275512K->7557168K(13742784K), 1,3170750 secs]
[GC 10627440K->7590169K(13179328K), 1,9012810 secs]
[GC 10045465K->7592789K(13461056K), 0,3417250 secs]
[GC 10048085K->7604149K(13566976K), 0,1605330 secs]
[GC 10216949K->7615541K(13512640K), 0,0603840 secs]
[GC 10228341K->7626869K(13679744K), 0,0660860 secs]
[GC 10462837K->7639693K(13623040K), 0,0826920 secs]
[GC 10475661K->7650317K(13792832K), 0,0820950 secs]
[GC 10713101K->7632557K(13736768K), 0,0529690 secs]
[GC 10695341K->9015374K(13045440K), 2,7832290 secs]
[GC 11436366K->9036855K(13443904K), 5,4935610 secs]
[Full GC 9036855K->200971K(13443904K), 1,6237570 secs]
[GC 2621963K->220875K(13550016K), 0,0223600 secs]
[GC 2800331K->233891K(13496256K), 0,0318690 secs]
[GC 2813347K->246003K(13663168K), 0,0392600 secs]
[GC 3048435K->260115K(13606080K), 0,0478080 secs]
[GC 3062547K->273195K(13778240K), 0,0565590 secs]
[GC 3305515K->287067K(13720896K), 0,0821570 secs]
[GC 3319387K->275171K(13884928K), 0,0819110 secs]
[GC 3528035K->1651651K(13834752K), 2,3877540 secs]
[GC 4904515K->1669453K(13223296K), 3,3154540 secs]
[GC 4260685K->1678349K(13529024K), 0,0370430 secs]
[GC 4269581K->1689773K(13636736K), 0,0434610 secs]
[GC 4441645K->1701189K(13581952K), 0,0545360 secs]
[GC 4453061K->1714021K(13748352K), 0,0552430 secs]
[GC 4687909K->1727565K(13692352K), 0,0769860 secs]
[GC 4701453K->1716405K(13854336K), 0,0435090 secs]
[GC 4907957K->3088901K(13804032K), 2,3213730 secs]
[GC 6280453K->3116070K(13211392K), 3,1808110 secs]
[GC 5664678K->3124518K(13507712K), 0,0467390 secs]
[GC 5673126K->3134830K(13616576K), 0,0421720 secs]
[GC 5845870K->3144630K(13561280K), 0,0482410 secs]
[GC 5855670K->3157150K(13729024K), 0,0567550 secs]
[GC 6091934K->3167246K(13672576K), 0,0629860 secs]
[GC 6102030K->3183694K(13840384K), 0,0710350 secs]
[GC 6342030K->3708102K(13520128K), 0,3923800 secs]
[GC 6866438K->4556731K(13401920K), 2,3329100 secs]
[GC 7244859K->4567324K(13577472K), 2,9842690 secs]
[GC 7255452K->4577548K(13666112K), 0,0492110 secs]
[GC 7397068K->4590436K(13620224K), 0,0476540 secs]
[GC 7409956K->4601844K(13764288K), 0,0546890 secs]
[GC 7613876K->4615972K(13714560K), 0,0691370 secs]
[GC 7628004K->4628867K(13865536K), 0,0773830 secs]
[GC 7842563K->4612692K(13814976K), 0,0516820 secs]
[GC 6529928K->5983544K(13103104K), 5,8133720 secs]
[Full GC 5983544K->67450K(13103104K), 0,5264480 secs]
[GC 67450K->67450K(13506560K), 0,0008400 secs]
[Full GC 67450K->67448K(13506560K), 0,0993480 secs]
Scala running  :  19.167 [15.521, 24.367] (sec)
--------------- tpch8
SQL -> M3      : 11.921
Scala codegen  :  1.043
Scala compile  :  4.200
[GC 2613752K->192494K(13618560K), 0,1544240 secs]
[GC 2894702K->323247K(13550464K), 0,4368090 secs]
[GC 3025455K->373263K(13760640K), 0,5103730 secs]
[GC 3360847K->439807K(13693760K), 0,3416300 secs]
[GC 3427391K->527623K(13885376K), 0,3701740 secs]
[GC 3771975K->658583K(13825792K), 0,4531080 secs]
[GC 3902935K->821359K(13994176K), 0,5109160 secs]
[GC 4290991K->1036775K(13942272K), 0,6767240 secs]
[GC 4506407K->1136079K(14061440K), 0,4175210 secs]
[GC 4763599K->1186999K(14032896K), 0,2260250 secs]
[GC 4814519K->1454424K(14088704K), 0,3650480 secs]
[GC 5154264K->1544792K(14077952K), 0,4041730 secs]
[GC 5244632K->1616016K(14149184K), 0,2179760 secs]
[GC 5415696K->1697168K(14117312K), 0,2653600 secs]
[GC 5496848K->1778144K(14184000K), 0,3452130 secs]
[GC 5667232K->1888728K(14171904K), 0,3839180 secs]
[GC 5777816K->2040432K(14202752K), 0,4654300 secs]
[GC 5970160K->2000632K(14193792K), 0,2720330 secs]
[GC 5930360K->2272217K(14197504K), 0,3250060 secs]
[GC 6207833K->2393378K(14201216K), 0,3985220 secs]
[GC 6328994K->2463026K(14245376K), 0,2456150 secs]
[GC 6464114K->2547850K(14222528K), 0,2790300 secs]
[GC 6548938K->2632314K(14253952K), 0,3567640 secs]
[GC 6671610K->2760890K(14252160K), 0,4215630 secs]
[GC 6800186K->2875034K(14272128K), 0,4299280 secs]
[GC 6935194K->2847306K(14254848K), 0,2410070 secs]
[GC 6907466K->3132395K(14241152K), 0,3324950 secs]
[GC 7173099K->3221907K(14253760K), 0,3794390 secs]
[GC 7262611K->3299835K(14282112K), 0,2336730 secs]
[GC 7379835K->3385691K(14264704K), 0,2843660 secs]
[GC 7465691K->3472163K(14280640K), 0,3470330 secs]
[GC 7572387K->3599635K(14163584K), 0,4312830 secs]
[GC 7699859K->3638195K(14289600K), 0,3642520 secs]
[GC 7740531K->3639515K(14279552K), 0,2243250 secs]
[GC 7741851K->3938704K(14255360K), 0,3567860 secs]
[GC 8013456K->3989320K(14270784K), 0,3433380 secs]
[GC 8064072K->4069656K(14298688K), 0,2561320 secs]
[GC 8182872K->4153760K(14281344K), 0,3049340 secs]
[GC 8266976K->4237752K(14291584K), 0,3747780 secs]
[GC 8356920K->4387456K(14186944K), 0,4691890 secs]
[GC 8506624K->4361048K(14281280K), 0,3128690 secs]
[GC 8463192K->4567333K(14284480K), 0,3101750 secs]
[GC 8669477K->4707813K(14296064K), 0,4061980 secs]
[GC 8825253K->4777693K(14288192K), 0,2441400 secs]
[GC 8895133K->4864389K(14313920K), 0,2804990 secs]
[GC 9018437K->4952053K(14306944K), 0,3354970 secs]
[GC 9106101K->5064022K(14294016K), 0,4197560 secs]
[GC 9198166K->5142597K(14300480K), 0,4046580 secs]
[GC 9276741K->5112902K(14295680K), 0,2229770 secs]
[GC 9256774K->5421810K(14247680K), 0,3470130 secs]
[GC 9565682K->5484139K(14289408K), 0,9499400 secs]
[GC 9589227K->5563715K(14282496K), 1,6444710 secs]
[GC 9668803K->5646675K(14304320K), 0,4301900 secs]
[GC 9789523K->5731251K(14199296K), 0,7188020 secs]
[GC 9874099K->5868163K(14290176K), 1,0330700 secs]
[GC 9993219K->5866731K(14295936K), 0,8680870 secs]
[GC 9991787K->6018600K(14309952K), 0,5434010 secs]
[GC 10158376K->6183528K(14296640K), 1,6378590 secs]
[GC 10323304K->6243808K(14323776K), 0,5851250 secs]
[GC 10417696K->6329576K(14316928K), 0,4394230 secs]
[GC 10503464K->6413040K(14317248K), 0,5241120 secs]
[GC 10596080K->6511264K(14244032K), 0,4558720 secs]
[GC 10694304K->6617360K(14323456K), 0,4909050 secs]
[GC 10792336K->6566200K(14042496K), 0,2510310 secs]
[GC 10741176K->6868013K(14268800K), 0,3797820 secs]
[GC 10981421K->6937121K(14290112K), 1,1648130 secs]
[GC 11050529K->7015617K(14307456K), 0,3630580 secs]
[GC 11150721K->7101937K(14294464K), 0,4104850 secs]
[GC 11237041K->7185529K(14301888K), 0,5995090 secs]
[GC 11330937K->7310401K(14213056K), 0,8133910 secs]
[GC 11455809K->7323425K(14304256K), 0,7739320 secs]
[GC 11460385K->7440822K(14299520K), 0,4524160 secs]
[GC 11577782K->7613043K(14325184K), 2,0137750 secs]
[GC 11790131K->7672515K(14318720K), 0,7122130 secs]
[GC 11849603K->7755859K(14341056K), 0,4902840 secs]
[GC 11960659K->7842587K(14330560K), 0,5336660 secs]
[GC 12047387K->7932051K(14315904K), 0,4976480 secs]
[GC 12111891K->8044667K(14323328K), 0,4623690 secs]
[GC 12224507K->7985179K(14299136K), 0,2528630 secs]
[GC 9670305K->8138875K(14311360K), 0,2540420 secs]
[Full GC 8138875K->80244K(14311360K), 0,7410140 secs]
[GC 100005K->80340K(14278528K), 0,0010350 secs]
[Full GC 80340K->79706K(14278528K), 0,1298140 secs]
Scala running  :  19.200 [16.839, 21.314] (sec)
--------------- tpch9
SQL -> M3      :  2.182
Scala codegen  :  0.466
Scala compile  :  2.525
[GC 4210138K->285113K(14298624K), 0,2427770 secs]
[GC 4415545K->277785K(14317312K), 0,2261000 secs]
[GC 4439641K->293841K(14311360K), 0,1452870 secs]
[GC 4455697K->310225K(14327232K), 0,1391750 secs]
[GC 4493201K->352473K(14322560K), 0,1600930 secs]
[GC 4535449K->465953K(14352832K), 0,2286950 secs]
[GC 4687457K->900754K(14335488K), 0,6747070 secs]
[GC 5122258K->978547K(14101760K), 0,4409490 secs]
[GC 4948979K->1001491K(14218624K), 0,1165810 secs]
[GC 4971923K->1030371K(14232128K), 0,1119610 secs]
[GC 5019619K->1059571K(14223936K), 0,1154910 secs]
[GC 5048819K->1143563K(14262016K), 0,1493830 secs]
[GC 5181387K->1269059K(14242624K), 0,1960600 secs]
[GC 5306883K->1734780K(13959488K), 0,8086970 secs]
[GC 5503868K->1770156K(14117952K), 0,5153280 secs]
[GC 5539244K->1794244K(14147200K), 0,1203760 secs]
[GC 5606660K->1820116K(14132032K), 0,1194880 secs]
[GC 5632532K->1846564K(14180992K), 0,1199480 secs]
[GC 5724388K->1927612K(14163648K), 0,1534870 secs]
[GC 5805436K->2028020K(14235520K), 0,1864580 secs]
[GC 6002932K->2491825K(14206208K), 0,5628630 secs]
[GC 6466737K->2532865K(14007424K), 0,5520290 secs]
[GC 6279681K->2558561K(14106816K), 0,1164100 secs]
[GC 6305377K->2587305K(14142528K), 0,1225340 secs]
[GC 6386857K->2616793K(14123840K), 0,1245570 secs]
[GC 6416345K->2692809K(14189568K), 0,1536490 secs]
[GC 6578057K->2798841K(14162496K), 0,1902320 secs]
[GC 6684089K->3241842K(13949504K), 0,5302830 secs]
[GC 6945266K->3294670K(14085120K), 0,5612790 secs]
[GC 6998094K->3318902K(14123776K), 0,1144380 secs]
[GC 7081206K->3348198K(14105344K), 0,1205380 secs]
[GC 7110502K->3378030K(14164864K), 0,1242070 secs]
[GC 7219886K->3437582K(14143808K), 0,1437540 secs]
[GC 7279438K->3559766K(14222080K), 0,2095140 secs]
[GC 7506006K->3973724K(14190976K), 0,4995910 secs]
[GC 7919964K->4049468K(14050944K), 0,5719010 secs]
[GC 7824572K->4065964K(14120960K), 0,1201390 secs]
[GC 7841068K->4095076K(14159104K), 0,1192490 secs]
[GC 7926692K->4125012K(14139328K), 0,1237780 secs]
[GC 7956628K->4177644K(14204480K), 0,1388350 secs]
[GC 8095148K->4308588K(14179840K), 0,2177680 secs]
[GC 8226092K->4710829K(13986304K), 0,4949920 secs]
[GC 8462893K->4796981K(14109440K), 0,5705350 secs]
[GC 8549045K->4811165K(14151744K), 0,1245660 secs]
[GC 8630045K->4840781K(14133952K), 0,1235450 secs]
[GC 8659661K->4870109K(14191296K), 0,1258640 secs]
[GC 8765725K->4912229K(14171136K), 0,1383250 secs]
[GC 8807845K->5059157K(14238464K), 0,2271220 secs]
[GC 9044693K->5444270K(14213888K), 0,4911060 secs]
[GC 9429806K->5544038K(14075520K), 0,5849750 secs]
[GC 9366630K->5554198K(14144704K), 0,1312950 secs]
[GC 9376790K->5583414K(14180800K), 0,1329770 secs]
[GC 9459446K->5613182K(14162048K), 0,1355320 secs]
[GC 9489214K->5659750K(14223168K), 0,1485530 secs]
[GC 9616614K->5799142K(14200512K), 0,2279170 secs]
[GC 9756006K->6194676K(13999744K), 0,5090930 secs]
[GC 9975156K->6285876K(14123648K), 0,5762860 secs]
[GC 10066356K->6298748K(14165248K), 0,1312060 secs]
[GC 10145340K->6328172K(14148160K), 0,1383080 secs]
[GC 10174764K->6357884K(14203328K), 0,1341040 secs]
[GC 10278204K->6400940K(14183808K), 0,1400460 secs]
[GC 10321260K->6545876K(14248704K), 0,2301860 secs]
[GC 10553108K->6936925K(14225344K), 0,5131880 secs]
[GC 10944157K->7031425K(14075968K), 0,5753180 secs]
[GC 10865921K->7043017K(14150656K), 0,1355760 secs]
[GC 10877513K->7072161K(14186048K), 0,1347750 secs]
[GC 10959073K->7101793K(14167680K), 0,1385160 secs]
[GC 10988705K->7153953K(14228544K), 0,1514810 secs]
[GC 11121057K->7285177K(14205376K), 0,2274090 secs]
[GC 10449095K->7640278K(14036480K), 0,4654650 secs]
[Full GC 7640278K->75636K(14036480K), 0,3545760 secs]
[GC 84206K->75764K(14144960K), 0,0012010 secs]
[Full GC 75764K->75125K(14144960K), 0,1284100 secs]
Scala running  :  17.387 [16.619, 19.032] (sec)
--------------- tpch20
SQL -> M3      :  0.732
Scala codegen  :  0.543
Scala compile  :  7.035
[GC 3670016K->54429K(14068416K), 0,0411650 secs]
[GC 3724445K->49506K(14068416K), 0,0308270 secs]
[GC 3719522K->49035K(14068416K), 0,0211070 secs]
[GC 3719051K->49517K(14068416K), 0,0214600 secs]
[GC 3719533K->49482K(14068416K), 0,0217190 secs]
[GC 3719498K->49522K(14626176K), 0,0306860 secs]
[GC 4834674K->49770K(14574336K), 0,0311280 secs]
[GC 4834922K->49770K(14604736K), 0,0025330 secs]
[GC 4803818K->48730K(14542144K), 0,0010120 secs]
[GC 4802778K->50178K(14603840K), 0,0025600 secs]
[GC 4794242K->50106K(14533504K), 0,0020180 secs]
[GC 4794170K->50154K(14605056K), 0,0034920 secs]
[GC 4793322K->85842K(14604928K), 0,0231680 secs]
[GC 4829010K->85850K(14606272K), 0,0260400 secs]
[GC 4831194K->120899K(14605888K), 0,0233720 secs]
[GC 4866243K->120951K(14607616K), 0,0248610 secs]
[GC 4868727K->156263K(14606976K), 0,0221980 secs]
[GC 4904039K->155135K(14608832K), 0,0240290 secs]
[GC 4905151K->156247K(14608000K), 0,0021280 secs]
[GC 3640770K->189103K(14609792K), 0,0237990 secs]
[Full GC 189103K->47368K(14609792K), 0,2396210 secs]
[GC 100602K->47464K(14610048K), 0,0010380 secs]
[Full GC 47464K->46689K(14610048K), 0,1177890 secs]
Scala running  :  11.598 [11.550, 13.574] (sec)
--------------- tpch21
SQL -> M3      :  1.277
Scala codegen  :  0.262
Scala compile  :  2.503
[GC 4799969K->93350K(14600896K), 0,0535350 secs]
[GC 4838694K->93579K(14606080K), 0,0524900 secs]
[GC 4838923K->121275K(14599232K), 0,0547750 secs]
[GC 4860731K->147787K(14603136K), 0,0678730 secs]
[GC 4887243K->150715K(14605888K), 0,0349680 secs]
[GC 4893179K->203531K(14596480K), 0,0784390 secs]
[GC 4945995K->203515K(14600512K), 0,0576230 secs]
[GC 4933691K->209035K(14596480K), 0,0398840 secs]
[GC 4939211K->260276K(14596608K), 0,0661820 secs]
[GC 4994612K->260208K(14600576K), 0,0431150 secs]
[GC 4994544K->267216K(14608832K), 0,0387140 secs]
[GC 5014160K->315792K(14604928K), 0,0606640 secs]
[GC 5062736K->315904K(14610176K), 0,0398930 secs]
[GC 5066048K->337208K(14606784K), 0,0508760 secs]
[GC 5087352K->370524K(14612608K), 0,0595320 secs]
[GC 5127004K->372444K(14610688K), 0,0332720 secs]
[GC 5128924K->425485K(14583488K), 0,0764800 secs]
[GC 5157389K->430953K(14599360K), 0,0574810 secs]
[GC 5162857K->436425K(14604608K), 0,0429060 secs]
[GC 5176201K->487873K(14601984K), 0,0705380 secs]
[GC 5227649K->487725K(14604352K), 0,0453850 secs]
[GC 5227309K->494709K(14602048K), 0,0430400 secs]
[GC 5234293K->543497K(14605952K), 0,0648570 secs]
[GC 5289225K->543521K(14606272K), 0,0419520 secs]
[GC 5289249K->561754K(14611200K), 0,0498100 secs]
[GC 5314458K->598330K(14608320K), 0,0618670 secs]
[GC 5351034K->599730K(14615424K), 0,0346720 secs]
[GC 3944255K->610770K(14613952K), 0,0475590 secs]
[Full GC 610770K->50795K(14613952K), 0,2048830 secs]
[GC 57138K->50859K(14608064K), 0,0010710 secs]
[Full GC 50859K->50223K(14608064K), 0,0890950 secs]
Scala running  :  13.991 [13.897, 17.558] (sec)
--------------- tpch22
SQL -> M3      :  3.271
Scala codegen  :  1.194
Scala compile  :  2.431
[GC 4807343K->67406K(14611968K), 0,0199330 secs]
[GC 4824526K->67067K(14611200K), 0,0192680 secs]
[GC 4823803K->64307K(14548672K), 0,0047740 secs]
[GC 4821043K->73151K(14612480K), 0,0122970 secs]
[GC 4830079K->67392K(14611264K), 0,0052120 secs]
[GC 4824320K->69952K(14614272K), 0,0053590 secs]
[GC 4830400K->95320K(14612992K), 0,0341210 secs]
[GC 4855768K->67928K(14616448K), 0,0103450 secs]
[GC 4833688K->74304K(14616128K), 0,0057240 secs]
[GC 4840064K->92828K(14621376K), 0,0432240 secs]
[GC 4865692K->75912K(14618304K), 0,0044540 secs]
[GC 4848776K->83237K(14624704K), 0,0089040 secs]
[GC 4863653K->93325K(14622528K), 0,0206880 secs]
[GC 4873741K->80605K(14629568K), 0,0036840 secs]
[GC 4871645K->88189K(14628288K), 0,0098340 secs]
[GC 3260953K->80437K(14632576K), 0,0032370 secs]
[Full GC 80437K->57463K(14632576K), 0,2089210 secs]
[GC 110208K->57527K(14631744K), 0,0009860 secs]
[Full GC 57527K->57041K(14631744K), 0,1006740 secs]
Scala running  :  9.942 [9.491, 14.491] (sec)
--------------- tpch22a
SQL -> M3      :  0.096
Scala codegen  :  0.045
Scala compile  :  0.510
[GC 4854545K->68561K(14636928K), 0,0139330 secs]
[GC 4872337K->66460K(14633664K), 0,0140130 secs]
[GC 4870236K->78869K(14640832K), 0,0134620 secs]
[GC 4891157K->75773K(14638272K), 0,0099130 secs]
[GC 4888061K->77269K(14643392K), 0,0044630 secs]
[GC 4896021K->86773K(14642176K), 0,0125430 secs]
[GC 4905525K->84637K(14647232K), 0,0069830 secs]
[GC 4911133K->96797K(14646080K), 0,0157940 secs]
[GC 4923293K->93709K(14649536K), 0,0089020 secs]
[GC 4924813K->95181K(14648384K), 0,0047830 secs]
[GC 4926285K->105533K(14651776K), 0,0133890 secs]
[GC 4941053K->103349K(14650560K), 0,0077880 secs]
[GC 4938869K->117158K(14651968K), 0,0152590 secs]
[GC 4955046K->113214K(14652352K), 0,0104110 secs]
[GC 4951102K->114726K(14654336K), 0,0052790 secs]
[GC 4955750K->124766K(14653504K), 0,0116980 secs]
[GC 4965790K->122590K(14655936K), 0,0079910 secs]
[GC 4966814K->135550K(14655104K), 0,0126320 secs]
[GC 4979774K->131902K(14656384K), 0,0092270 secs]
[GC 4976830K->133430K(14655360K), 0,0050890 secs]
[GC 4978358K->143359K(14657472K), 0,0094020 secs]
[GC 4991103K->141135K(14657088K), 0,0074470 secs]
[GC 4988879K->154255K(14656256K), 0,0145360 secs]
[GC 5001871K->150575K(14657216K), 0,0093830 secs]
[GC 4998191K->152159K(14658816K), 0,0052910 secs]
[GC 949483K->152431K(14658112K), 0,0030460 secs]
[Full GC 152431K->58353K(14658112K), 0,1557420 secs]
[GC 76302K->58385K(14659904K), 0,0011590 secs]
[Full GC 58385K->57725K(14659904K), 0,1036200 secs]
Scala running  :  15.372 [14.730, 20.774] (sec)
--------------- tpch/ssb4
SQL -> M3      :  0.877
Scala codegen  :  0.692
Scala compile  :  9.016
[GC 3670016K->96232K(14068416K), 0,0834450 secs]
[GC 3766248K->91247K(14068416K), 0,0667340 secs]
[GC 3761263K->91255K(14068416K), 0,0502230 secs]
[GC 3761271K->91440K(14068416K), 0,0490640 secs]
[GC 3761456K->55912K(14068416K), 0,0249010 secs]
[GC 3725928K->92119K(14572928K), 0,0683580 secs]
[GC 4772311K->92346K(14509056K), 0,0632640 secs]
[GC 4772538K->92538K(14559680K), 0,0312600 secs]
[GC 4751994K->93162K(14488320K), 0,0343000 secs]
[GC 4752618K->93010K(14560640K), 0,0308600 secs]
[GC 4748370K->93330K(14470016K), 0,0329950 secs]
[GC 4748690K->106842K(14558080K), 0,0411510 secs]
[GC 4757210K->279023K(14558592K), 0,1683450 secs]
[GC 4929391K->294747K(14469504K), 0,1263310 secs]
[GC 4856027K->301379K(14514048K), 0,0381830 secs]
[GC 4862659K->482572K(14430208K), 0,1580150 secs]
[GC 4962316K->497372K(14473280K), 0,1498610 secs]
[GC 4977116K->504156K(14481600K), 0,0381470 secs]
[GC 4995804K->514116K(14476864K), 0,0415920 secs]
[GC 5005764K->690880K(14429056K), 0,1457580 secs]
[GC 5140032K->691145K(14457984K), 0,1463080 secs]
[GC 5140297K->697848K(14470720K), 0,0391200 secs]
[GC 5165688K->850641K(14416512K), 0,1302480 secs]
[GC 5318481K->882405K(14458304K), 0,1566270 secs]
[GC 5323941K->884693K(14450048K), 0,0341190 secs]
[GC 5326229K->893813K(14473344K), 0,0400680 secs]
[GC 5365749K->1072694K(14439808K), 0,1490790 secs]
[GC 5544630K->1073010K(14452032K), 0,1462340 secs]
[GC 5502642K->1079618K(14444416K), 0,0429580 secs]
[GC 5509250K->1090986K(14468672K), 0,0420670 secs]
[GC 5553066K->1265831K(14425024K), 0,1465130 secs]
[GC 5727911K->1266299K(14449984K), 0,1425350 secs]
[GC 5691003K->1272971K(14441536K), 0,0407050 secs]
[GC 5697675K->1433732K(14414464K), 0,1382870 secs]
[GC 5840260K->1456776K(14436672K), 0,1530900 secs]
[GC 5863304K->1460832K(14455040K), 0,0349360 secs]
[GC 5895328K->1470008K(14446272K), 0,0415890 secs]
[GC 3830500K->1608059K(14437696K), 0,1251520 secs]
[Full GC 1608059K->49892K(14437696K), 0,2955210 secs]
[GC 95131K->49892K(14451008K), 0,0010090 secs]
[Full GC 49892K->49873K(14451008K), 0,0969620 secs]
Scala running  :  14.898 [14.392, 16.033] (sec)

